                         Chronologic VCS (TM)
       Version W-2024.09-SP1_Full64 -- Tue Jul 28 23:08:56 2026

                    Copyright (c) 1991 - 2024 Synopsys, Inc.
   This software and the associated documentation are proprietary to Synopsys,
 Inc. This software may only be used in accordance with the terms and conditions
 of a written license agreement with Synopsys, Inc. All other use, reproduction,
   or distribution of this software is strictly prohibited.  Licensed Products
     communicate with Synopsys servers for the purpose of providing software
    updates, detecting software piracy and verifying that customers are using
    Licensed Products in conformity with the applicable License Key for such
  Licensed Products. Synopsys will use information gathered in connection with
    this process to deliver software updates and pursue software pirates and
                                   infringers.

 Inclusivity & Diversity - Visit SolvNetPlus to read the "Synopsys Statement on
            Inclusivity and Diversity" (Refer to article 000036315 at
                        https://solvnetplus.synopsys.com)

Parsing design file '/home/smy/hackatdac26-phase-2-caliptra/src/sha512_masked/rtl/sha512_masked_defines_pkg.sv'
Parsing design file '/home/smy/hackatdac26-phase-2-caliptra/src/sha512/rtl/sha512_k_constants.v'
Parsing design file '/home/smy/hackatdac26-phase-2-caliptra/src/sha512/rtl/sha512_h_constants.v'
Parsing design file '/home/smy/hackatdac26-phase-2-caliptra/src/sha512_masked/rtl/sha512_masked_w_mem.sv'
Parsing design file '/home/smy/hackatdac26-phase-2-caliptra/src/sha512_masked/rtl/sha512_masked_core.sv'
Parsing design file '/home/smy/hackatdac26-phase-2-caliptra/final_bug_submissions/034/proof/tb/sha512_masked_bug_034_tb.sv'
Top Level Modules:
       sha512_masked_bug_034_tb
TimeScale is 1 ns / 1 ps
Starting vcs inline pass...
2 modules and 0 UDP read.
recompiling package sha512_masked_defines_pkg
recompiling module sha512_masked_bug_034_tb
Both modules done.
rm -f _cuarc*.so _csrc*.so pre_vcsobj_*.so share_vcsobj_*.so
if [ -x /tmp/tmp.IgOaS8iNWH/simv ]; then chmod a-x /tmp/tmp.IgOaS8iNWH/simv; fi
g++  -o /tmp/tmp.IgOaS8iNWH/simv   -no-pie  -Wl,--no-as-needed    -L/usr/lib/x86_64-linux-gnu -L/lib/x86_64-linux-gnu -Wl,--no-as-needed -rdynamic  -Wl,-rpath='$ORIGIN'/simv.daidir -Wl,-rpath=./simv.daidir -Wl,-rpath=/data0/tools/Synopsys/vcs/vcs/W-2024.09-SP1/linux64/lib -L/data0/tools/Synopsys/vcs/vcs/W-2024.09-SP1/linux64/lib  -Wl,-rpath-link=./ -Wl,--no-as-needed   objs/amcQw_d.o   _254805_archive_1.so   SIM_l.o       rmapats_mop.o rmapats.o rmar.o rmar_nd.o  rmar_llvm_0_1.o rmar_llvm_0_0.o            -lnuma -lvirsim -lerrorinf -lsnpsmalloc -lvfs    -lvcsnew -lsimprofile -luclinative /data0/tools/Synopsys/vcs/vcs/W-2024.09-SP1/linux64/lib/vcs_tls.o   -Wl,-whole-archive  -lvcsucli    -Wl,-no-whole-archive          /data0/tools/Synopsys/vcs/vcs/W-2024.09-SP1/linux64/lib/vcs_save_restore_new.o -ldl  -lc -lm -lpthread -ldl 
/tmp/tmp.IgOaS8iNWH/simv up to date
CPU time: 1.089 seconds to compile + .701 seconds to elab + .364 seconds to link
