NC_CHECK_PASS audit_fails_on_fixed_copy
NC_CHECK_PASS flipped: the invalid arm reads the masked shares of the working registers
NC_CHECK_PASS flipped: the invalid arm also reads the random shares of the same registers
NC_CHECK_PASS flipped: arm 2 of the select is qualified by the inverse of digest_valid_reg
NC_CHECK_PASS unaffected: the valid arm drives the eight H hash registers
NC_CHECK_PASS unaffected: digest_valid is exported, so an observer can tell valid from invalid cycles
NC_CHECK_PASS unaffected: the core carries both working registers and a round counter
NC_CHECK_PASS witness_sim_fails_on_fixed_copy
NC_CHECK_PASS all_three_witness_statements_stopped_holding
NC_CHECK_PASS published_vector_still_correct_after_fix
NC_CHECK_PASS engine_still_completes_after_fix

=== negative control audit transcript ===
BUG-034 structural audit
core=/tmp/tmp.MBN1hCZ2zY/sha512_masked_core.sv

gate_ok   [01] masked core source is present
gate_ok   [02] the digest continuous assignment was located by content
gate_ok   [03] arm 1 of the select is qualified by digest_valid_reg
gate_fail [04] arm 2 of the select is qualified by the inverse of digest_valid_reg
gate_ok   [05] the valid arm drives the eight H hash registers
gate_fail [06] the invalid arm reads the masked shares of the working registers
gate_fail [07] the invalid arm also reads the random shares of the same registers
gate_fail [08] the two shares are combined with xor, which reconstructs the unmasked value
gate_ok   [09] the invalid arm is not a constant, so no safe placeholder is driven
gate_ok   [10] the core carries both working registers and a round counter
gate_ok   [11] the working registers are updated during the compression rounds
gate_ok   [12] digest_valid is exported, so an observer can tell valid from invalid cycles
gate_ok   [13] digest is a module output rather than an internal signal
gate_ok   [14] the digest select carries no debug or lifecycle qualifier
gate_ok   [15] the digest select is not qualified by zeroize either

structural_gates_passed=11/15
STRUCTURAL_AUDIT: FAIL

=== negative control sim transcript ===
PROOF: BUG-034 sha512_masked_core invalid-cycle digest exposure
CHECK_PASS control_engine_reaches_a_valid_digest digest_valid=1 samples=89
CHECK_PASS control_digest_matches_published_vector digest[63:0]=0xa538327af927da3e
CHECK_PASS control_captured_enough_invalid_cycle_samples samples=89
CHECK_FAIL bound_trace_contains_an_iv_phase_a_naive_witness_would_stop_at iv_samples=0 of 89
CHECK_PASS control_second_message_also_completes digest_valid=1 samples=89
CHECK_PASS control_two_messages_produce_different_digests a[63:0]=0xa538327af927da3e b[63:0]=0x2a9ac94fa54ca49f
CHECK_PASS witness_invalid_cycles_expose_live_working_state samples_that_are_neither_iv_nor_constant=0 of 89
CHECK_PASS witness_exposed_value_advances_across_compression_rounds adjacent_changes=0
CHECK_PASS witness_exposed_value_depends_on_the_message_block diverging_positions=0 of 89 compared
CHECK_PASS containment_final_digest_unaffected_by_sampling published test vector still matches after the full sample sweep
SUMMARY checks=10 fails=1 witness_hits=0
TRACE n_a=89 iv=0 non_iv=0 changes=0 msg_divergence=0
PROOF_RESULT: FAIL
nc_checks_failed=0
NEGATIVE_CONTROL: PASS
