Info: [VCS_SAVE_RESTORE_INFO] ASLR (Address Space Layout Randomization) is detected on the machine. To enable $save functionality, ASLR will be switched off and simv re-executed.
Please use '-no_save' simv switch to avoid re-execution or '-suppress=ASLR_DETECTED_INFO' to suppress this message.
Chronologic VCS simulator copyright 1991-2024
Contains Synopsys proprietary information.
Compiler version W-2024.09-SP1_Full64; Runtime version W-2024.09-SP1_Full64;  Jul 28 23:09 2026
PROOF: BUG-034 sha512_masked_core invalid-cycle digest exposure
CHECK_PASS control_engine_reaches_a_valid_digest digest_valid=1 samples=89
CHECK_PASS control_digest_matches_published_vector digest[63:0]=0xa538327af927da3e
CHECK_PASS control_captured_enough_invalid_cycle_samples samples=89
CHECK_PASS bound_trace_contains_an_iv_phase_a_naive_witness_would_stop_at iv_samples=1 of 89
CHECK_PASS control_second_message_also_completes digest_valid=1 samples=89
CHECK_PASS control_two_messages_produce_different_digests a[63:0]=0xa538327af927da3e b[63:0]=0x2a9ac94fa54ca49f
WITNESS witness_invalid_cycles_expose_live_working_state samples_that_are_neither_iv_nor_constant=80 of 89
CHECK_FAIL witness_invalid_cycles_expose_live_working_state samples_that_are_neither_iv_nor_constant=80 of 89
WITNESS witness_exposed_value_advances_across_compression_rounds adjacent_changes=81
CHECK_FAIL witness_exposed_value_advances_across_compression_rounds adjacent_changes=81
WITNESS witness_exposed_value_depends_on_the_message_block diverging_positions=80 of 89 compared
CHECK_FAIL witness_exposed_value_depends_on_the_message_block diverging_positions=80 of 89 compared
CHECK_PASS containment_final_digest_unaffected_by_sampling published test vector still matches after the full sample sweep
SUMMARY checks=10 fails=3 witness_hits=3
TRACE n_a=89 iv=1 non_iv=80 changes=81 msg_divergence=80
result=PASS
PROOF_RESULT: PASS
$finish called from file "/home/smy/hackatdac26-phase-2-caliptra/final_bug_submissions/034/proof/tb/sha512_masked_bug_034_tb.sv", line 280.
$finish at simulation time              1946000
           V C S   S i m u l a t i o n   R e p o r t 
Time: 1946000 ps
CPU Time:      0.430 seconds;       Data structure size:   0.1Mb
Tue Jul 28 23:09:05 2026
