Back to file '/home/smy/hackatdac26-phase-2-caliptra/src/caliptra_prim/rtl/caliptra_prim_assert.sv'.
Parsing included file '/home/smy/hackatdac26-phase-2-caliptra/src/caliptra_prim/rtl/caliptra_prim_assert_sec_cm.svh'.
Back to file '/home/smy/hackatdac26-phase-2-caliptra/src/caliptra_prim/rtl/caliptra_prim_assert.sv'.
Parsing included file '/home/smy/hackatdac26-phase-2-caliptra/src/caliptra_prim/rtl/caliptra_prim_flop_macros.sv'.
Back to file '/home/smy/hackatdac26-phase-2-caliptra/src/caliptra_prim/rtl/caliptra_prim_assert.sv'.
Back to file '/home/smy/hackatdac26-phase-2-caliptra/final_bug_submissions/008/proof/scratch/caliptra_prim_mubi_pkg.sv'.
Parsing design file '/home/smy/hackatdac26-phase-2-caliptra/final_bug_submissions/008/proof/tb/mubi4_strict_bug_008_tb.sv'
Top Level Modules:
       mubi4_strict_bug_008_tb
TimeScale is 1 ns / 1 ps
Starting vcs inline pass...
2 modules and 0 UDP read.
recompiling package caliptra_prim_mubi_pkg
recompiling module mubi4_strict_bug_008_tb
Both modules done.
rm -f _cuarc*.so _csrc*.so pre_vcsobj_*.so share_vcsobj_*.so
if [ -x ../simv ]; then chmod a-x ../simv; fi
g++  -o ../simv   -no-pie  -Wl,--no-as-needed    -L/usr/lib/x86_64-linux-gnu -L/lib/x86_64-linux-gnu -Wl,--no-as-needed -rdynamic  -Wl,-rpath='$ORIGIN'/simv.daidir -Wl,-rpath=./simv.daidir -Wl,-rpath=/data0/tools/Synopsys/vcs/vcs/W-2024.09-SP1/linux64/lib -L/data0/tools/Synopsys/vcs/vcs/W-2024.09-SP1/linux64/lib  -Wl,-rpath-link=./ -Wl,--no-as-needed   objs/amcQw_d.o   _1777034_archive_1.so   SIM_l.o       rmapats_mop.o rmapats.o rmar.o rmar_nd.o  rmar_llvm_0_1.o rmar_llvm_0_0.o            -lnuma -lvirsim -lerrorinf -lsnpsmalloc -lvfs    -lvcsnew -lsimprofile -luclinative /data0/tools/Synopsys/vcs/vcs/W-2024.09-SP1/linux64/lib/vcs_tls.o   -Wl,-whole-archive  -lvcsucli    -Wl,-no-whole-archive       ./../simv.daidir/vc_hdrs.o    /data0/tools/Synopsys/vcs/vcs/W-2024.09-SP1/linux64/lib/vcs_save_restore_new.o -ldl  -lc -lm -lpthread -ldl 
../simv up to date
CPU time: .813 seconds to compile + .529 seconds to elab + .408 seconds to link
Info: [VCS_SAVE_RESTORE_INFO] ASLR (Address Space Layout Randomization) is detected on the machine. To enable $save functionality, ASLR will be switched off and simv re-executed.
Please use '-no_save' simv switch to avoid re-execution or '-suppress=ASLR_DETECTED_INFO' to suppress this message.
Chronologic VCS simulator copyright 1991-2024
Contains Synopsys proprietary information.
Compiler version W-2024.09-SP1_Full64; Runtime version W-2024.09-SP1_Full64;  Jul 28 13:20 2026
===== BUG-008 witness: strict MuBi4 true test accepts a 1-bit error =====
MuBi4True=0x6 MuBi4False=0x9
  OBSERVED: mubi4_test_true_strict accepts 1 of 16 encodings
TBFAIL: BUG-008 OBSERVED: the strict test accepts more than the single True encoding
TBFAIL: BUG-008 OBSERVED: it accepts exactly 2, so precisely one bit of slack was introduced
  ok: CONTROL: mubi4_test_true_strict(MuBi4True) is true, so the function still works for the real value
  OBSERVED: the extra accepted encoding is 0x7, Hamming distance 1 from True
  ok: BUG-008 OBSERVED: the extra accepted encoding differs from MuBi4True in exactly one bit
TBFAIL: BUG-008 OBSERVED: a single-bit fault on the True encoding still reads as True
  OBSERVED: mubi4_test_invalid(0x7)=1 while mubi4_test_true_strict(0x7)=0
  ok: BUG-008 OBSERVED: the package classifies the accepted encoding as invalid, contradicting its own strict test
  ok: CONTROL: the loose test accepts it too, which is its documented contract, so only the strict test is wrong
  ok: CONTROL: mubi4_test_false_strict rejects it, so the false-side strict contract is intact
  ok: CONTROL: mubi8_test_true_strict rejects the corresponding 1-bit error
  ok: CONTROL: mubi12_test_true_strict rejects the corresponding 1-bit error
  ok: CONTROL: mubi16_test_true_strict rejects the corresponding 1-bit error
  ok: CONTROL: mubi8_test_true_strict accepts its True encoding, so the comparison is like-for-like
cover_strict_accepts_nontrue=0
cover_accepted_is_invalid=0
cover_wider_widths_reject=1
checks=12 errors=3
PROOF_RESULT: FAIL
$finish called from file "/home/smy/hackatdac26-phase-2-caliptra/final_bug_submissions/008/proof/tb/mubi4_strict_bug_008_tb.sv", line 119.
$finish at simulation time                    0
           V C S   S i m u l a t i o n   R e p o r t 
Time: 0 ps
CPU Time:      0.410 seconds;       Data structure size:   0.0Mb
Tue Jul 28 13:20:18 2026
SIM RESULT: FAIL (self-check tripped)
