-- remediation applied to scratch copy --
428:assign hwif_in.intr_block_rf.error_internal_intr_r.error2_sts.hwset = hwif_out.HMAC512_CTRL.Reserved.value & ~(init_reg | next_reg);
429:assign hwif_in.intr_block_rf.error_internal_intr_r.error3_sts.hwset = 1'b0; // TODO
-- witness output under the remediated copy --
COV ctrl_status=0x00000003 last_status=0x00000001 ctrl_rb=0x00000000
COV err_ctrl=0x00000000 err_last=0x00000004 err_intr_seen=0
COV tag_ctrl0=0xb5a8dba8 tag_pre0=0x00000000 tag_post0=0x00000000
CHECK_PASS control_block_reports_ready
CHECK_PASS control_init_command_completes
CHECK_PASS control_init_produces_a_tag
CHECK_PASS bound_finalization_write_is_absorbed_and_block_stays_ready
CHECK_PASS bound_ctrl_offers_no_readback_to_confirm_the_request
CHECK_FAIL witness_finalization_command_starts_no_operation
WITNESS witness_finalization_command_starts_no_operation
CHECK_PASS witness_finalization_command_is_rejected_as_illegal
CHECK_PASS bound_no_tag_was_produced_by_the_finalization_command
CHECK_PASS bound_ordinary_init_raises_no_error
CHECK_PASS bound_sideload_error_paths_were_not_armed
CHECK_PASS containment_control_result_unaffected_by_witness_sequence
SUMMARY checks=11 fails=1 witness_hits=1
COV cov_control_ran=1 cov_last_accepted=1 cov_no_error_path_armed=1
PROOF_RESULT: FAIL
sim_exit_rc=1
NEGATIVE_CONTROL: PASS
The illegal-command witness depends on the error2_sts tie-off at hmac.sv:428, not on the testbench setup.
