Command: /tmp/bug014_sim.1V7gcZ/simv -l /home/smy/hackatdac26-phase-2-caliptra/final_bug_submissions/014/proof/logs/run.log
Chronologic VCS simulator copyright 1991-2024
Contains Synopsys proprietary information.
Compiler version W-2024.09-SP1_Full64; Runtime version W-2024.09-SP1_Full64;  Jul 28 22:26 2026
COV ctrl_status=0x00000003 last_status=0x00000001 ctrl_rb=0x00000000
COV err_ctrl=0x00000000 err_last=0x00000000 err_intr_seen=0
COV tag_ctrl0=0xb5a8dba8 tag_pre0=0x00000000 tag_post0=0x00000000
CHECK_PASS control_block_reports_ready
CHECK_PASS control_init_command_completes
CHECK_PASS control_init_produces_a_tag
CHECK_PASS bound_finalization_write_is_absorbed_and_block_stays_ready
CHECK_PASS bound_ctrl_offers_no_readback_to_confirm_the_request
CHECK_FAIL witness_finalization_command_starts_no_operation
WITNESS witness_finalization_command_starts_no_operation
CHECK_FAIL witness_finalization_command_is_rejected_as_illegal
WITNESS witness_finalization_command_is_rejected_as_illegal
CHECK_PASS bound_no_tag_was_produced_by_the_finalization_command
CHECK_PASS bound_ordinary_init_raises_no_error
CHECK_PASS bound_sideload_error_paths_were_not_armed
CHECK_PASS containment_control_result_unaffected_by_witness_sequence
SUMMARY checks=11 fails=2 witness_hits=2
COV cov_control_ran=1 cov_last_accepted=1 cov_no_error_path_armed=1
result=PASS
PROOF_RESULT: PASS
$finish called from file "/home/smy/hackatdac26-phase-2-caliptra/final_bug_submissions/014/proof/tb/hmac_bug_014_tb.sv", line 371.
$finish at simulation time             86080000
           V C S   S i m u l a t i o n   R e p o r t 
Time: 86080000 ps
CPU Time:      0.730 seconds;       Data structure size:   0.1Mb
Tue Jul 28 22:26:49 2026
