Command: vcs -full64 -sverilog -timescale=1ns/1ps -assert svaext +lint=none -f filelist.f \
-top sha3_bug_029_tb -l /home/smy/hackatdac26-phase-2-caliptra/final_bug_submissions/029/proof/logs/compile.log \
-o simv
                         Chronologic VCS (TM)
       Version W-2024.09-SP1_Full64 -- Tue Jul 28 14:20:05 2026

                    Copyright (c) 1991 - 2024 Synopsys, Inc.
   This software and the associated documentation are proprietary to Synopsys,
 Inc. This software may only be used in accordance with the terms and conditions
 of a written license agreement with Synopsys, Inc. All other use, reproduction,
   or distribution of this software is strictly prohibited.  Licensed Products
     communicate with Synopsys servers for the purpose of providing software
    updates, detecting software piracy and verifying that customers are using
    Licensed Products in conformity with the applicable License Key for such
  Licensed Products. Synopsys will use information gathered in connection with
    this process to deliver software updates and pursue software pirates and
                                   infringers.

 Inclusivity & Diversity - Visit SolvNetPlus to read the "Synopsys Statement on
            Inclusivity and Diversity" (Refer to article 000036315 at
                        https://solvnetplus.synopsys.com)

Parsing design file '/home/smy/hackatdac26-phase-2-caliptra/src/kmac/rtl/sha3_pkg.sv'
Parsing design file '/home/smy/hackatdac26-phase-2-caliptra/src/integration/rtl/config_defines.svh'
Parsing design file '/home/smy/hackatdac26-phase-2-caliptra/src/libs/rtl/caliptra_sva.svh'
Parsing design file '/home/smy/hackatdac26-phase-2-caliptra/src/libs/rtl/caliptra_macros.svh'
Parsing design file '/home/smy/hackatdac26-phase-2-caliptra/src/libs/rtl/caliptra_sram.sv'
Parsing design file '/home/smy/hackatdac26-phase-2-caliptra/src/libs/rtl/ahb_defines_pkg.sv'
Parsing design file '/home/smy/hackatdac26-phase-2-caliptra/src/libs/rtl/caliptra_ahb_srom.sv'
Parsing design file '/home/smy/hackatdac26-phase-2-caliptra/src/libs/rtl/ahb_slv_sif.sv'
Parsing design file '/home/smy/hackatdac26-phase-2-caliptra/src/libs/rtl/caliptra_icg.sv'
Parsing included file '/home/smy/hackatdac26-phase-2-caliptra/src/integration/rtl/config_defines.svh'.
Back to file '/home/smy/hackatdac26-phase-2-caliptra/src/libs/rtl/caliptra_icg.sv'.
Parsing design file '/home/smy/hackatdac26-phase-2-caliptra/src/libs/rtl/clk_gate.sv'
Parsing included file '/home/smy/hackatdac26-phase-2-caliptra/src/integration/rtl/config_defines.svh'.
Back to file '/home/smy/hackatdac26-phase-2-caliptra/src/libs/rtl/clk_gate.sv'.
Parsing design file '/home/smy/hackatdac26-phase-2-caliptra/src/libs/rtl/caliptra_2ff_sync.sv'
Parsing design file '/home/smy/hackatdac26-phase-2-caliptra/src/libs/rtl/ahb_to_reg_adapter.sv'
Parsing design file '/home/smy/hackatdac26-phase-2-caliptra/src/libs/rtl/skidbuffer.v'
Parsing design file '/home/smy/hackatdac26-phase-2-caliptra/src/caliptra_prim/rtl/caliptra_prim_util_pkg.sv'
Parsing design file '/home/smy/hackatdac26-phase-2-caliptra/src/caliptra_prim/rtl/caliptra_prim_alert_pkg.sv'
Parsing design file '/home/smy/hackatdac26-phase-2-caliptra/src/caliptra_prim/rtl/caliptra_prim_subreg_pkg.sv'
Parsing design file '/home/smy/hackatdac26-phase-2-caliptra/src/caliptra_prim/rtl/caliptra_prim_mubi_pkg.sv'
Parsing included file '/home/smy/hackatdac26-phase-2-caliptra/src/caliptra_prim/rtl/caliptra_prim_assert.sv'.
Parsing included file '/home/smy/hackatdac26-phase-2-caliptra/src/libs/rtl/caliptra_sva.svh'.
Back to file '/home/smy/hackatdac26-phase-2-caliptra/src/caliptra_prim/rtl/caliptra_prim_assert.sv'.
Parsing included file '/home/smy/hackatdac26-phase-2-caliptra/src/caliptra_prim/rtl/caliptra_prim_assert_standard_macros.svh'.
Back to file '/home/smy/hackatdac26-phase-2-caliptra/src/caliptra_prim/rtl/caliptra_prim_assert.sv'.
Parsing included file '/home/smy/hackatdac26-phase-2-caliptra/src/caliptra_prim/rtl/caliptra_prim_assert_sec_cm.svh'.
Back to file '/home/smy/hackatdac26-phase-2-caliptra/src/caliptra_prim/rtl/caliptra_prim_assert.sv'.
Parsing included file '/home/smy/hackatdac26-phase-2-caliptra/src/caliptra_prim/rtl/caliptra_prim_flop_macros.sv'.
Back to file '/home/smy/hackatdac26-phase-2-caliptra/src/caliptra_prim/rtl/caliptra_prim_assert.sv'.
Back to file '/home/smy/hackatdac26-phase-2-caliptra/src/caliptra_prim/rtl/caliptra_prim_mubi_pkg.sv'.
Parsing design file '/home/smy/hackatdac26-phase-2-caliptra/src/caliptra_prim/rtl/caliptra_prim_cipher_pkg.sv'
Parsing design file '/home/smy/hackatdac26-phase-2-caliptra/src/caliptra_prim/rtl/caliptra_prim_pkg.sv'
Parsing design file '/home/smy/hackatdac26-phase-2-caliptra/src/caliptra_prim/rtl/caliptra_prim_sparse_fsm_pkg.sv'
Parsing design file '/home/smy/hackatdac26-phase-2-caliptra/src/caliptra_prim/rtl/caliptra_prim_trivium_pkg.sv'
Parsing design file '/home/smy/hackatdac26-phase-2-caliptra/src/caliptra_prim/rtl/caliptra_prim_secded_pkg.sv'
Parsing design file '/home/smy/hackatdac26-phase-2-caliptra/src/caliptra_prim/rtl/caliptra_prim_otp_pkg.sv'
Parsing design file '/home/smy/hackatdac26-phase-2-caliptra/src/caliptra_prim/rtl/caliptra_prim_ram_1p_pkg.sv'
Parsing design file '/home/smy/hackatdac26-phase-2-caliptra/src/caliptra_prim/rtl/caliptra_prim_esc_pkg.sv'
Parsing design file '/home/smy/hackatdac26-phase-2-caliptra/src/caliptra_prim/rtl/caliptra_prim_count_pkg.sv'
Parsing design file '/home/smy/hackatdac26-phase-2-caliptra/src/caliptra_prim/rtl/keymgr_pkg.sv'
Parsing design file '/home/smy/hackatdac26-phase-2-caliptra/src/lc_ctrl/rtl/lc_ctrl_reg_pkg.sv'
Parsing design file '/home/smy/hackatdac26-phase-2-caliptra/src/lc_ctrl/rtl/lc_ctrl_state_pkg.sv'
Parsing design file '/home/smy/hackatdac26-phase-2-caliptra/src/lc_ctrl/rtl/lc_ctrl_pkg.sv'
Parsing included file '/home/smy/hackatdac26-phase-2-caliptra/src/caliptra_prim/rtl/caliptra_prim_assert.sv'.
Back to file '/home/smy/hackatdac26-phase-2-caliptra/src/lc_ctrl/rtl/lc_ctrl_pkg.sv'.
Parsing design file '/home/smy/hackatdac26-phase-2-caliptra/src/kmac/rtl/keccak_round.sv'
Parsing included file '/home/smy/hackatdac26-phase-2-caliptra/src/caliptra_prim/rtl/caliptra_prim_assert.sv'.
Back to file '/home/smy/hackatdac26-phase-2-caliptra/src/kmac/rtl/keccak_round.sv'.
Parsing design file '/home/smy/hackatdac26-phase-2-caliptra/src/kmac/rtl/keccak_2share.sv'
Parsing included file '/home/smy/hackatdac26-phase-2-caliptra/src/caliptra_prim/rtl/caliptra_prim_assert.sv'.
Back to file '/home/smy/hackatdac26-phase-2-caliptra/src/kmac/rtl/keccak_2share.sv'.
Parsing design file '/home/smy/hackatdac26-phase-2-caliptra/src/kmac/rtl/sha3pad.sv'
Parsing included file '/home/smy/hackatdac26-phase-2-caliptra/src/caliptra_prim/rtl/caliptra_prim_assert.sv'.
Back to file '/home/smy/hackatdac26-phase-2-caliptra/src/kmac/rtl/sha3pad.sv'.
Parsing design file '/home/smy/hackatdac26-phase-2-caliptra/src/kmac/rtl/sha3.sv'
Parsing included file '/home/smy/hackatdac26-phase-2-caliptra/src/caliptra_prim/rtl/caliptra_prim_assert.sv'.
Back to file '/home/smy/hackatdac26-phase-2-caliptra/src/kmac/rtl/sha3.sv'.
Parsing design file '/home/smy/hackatdac26-phase-2-caliptra/src/caliptra_prim/rtl/caliptra_prim_buf.sv'
Parsing included file '/home/smy/hackatdac26-phase-2-caliptra/src/caliptra_prim/rtl/caliptra_prim_module_name_macros.svh'.
Back to file '/home/smy/hackatdac26-phase-2-caliptra/src/caliptra_prim/rtl/caliptra_prim_buf.sv'.
Parsing design file '/home/smy/hackatdac26-phase-2-caliptra/src/caliptra_prim/rtl/caliptra_prim_flop.sv'
Parsing included file '/home/smy/hackatdac26-phase-2-caliptra/src/caliptra_prim/rtl/caliptra_prim_module_name_macros.svh'.
Back to file '/home/smy/hackatdac26-phase-2-caliptra/src/caliptra_prim/rtl/caliptra_prim_flop.sv'.
Parsing design file '/home/smy/hackatdac26-phase-2-caliptra/src/caliptra_prim/rtl/caliptra_prim_sec_anchor_buf.sv'
Parsing included file '/home/smy/hackatdac26-phase-2-caliptra/src/caliptra_prim/rtl/caliptra_prim_assert.sv'.
Back to file '/home/smy/hackatdac26-phase-2-caliptra/src/caliptra_prim/rtl/caliptra_prim_sec_anchor_buf.sv'.
Parsing design file '/home/smy/hackatdac26-phase-2-caliptra/src/caliptra_prim/rtl/caliptra_prim_sparse_fsm_flop.sv'
Parsing included file '/home/smy/hackatdac26-phase-2-caliptra/src/caliptra_prim/rtl/caliptra_prim_assert.sv'.
Back to file '/home/smy/hackatdac26-phase-2-caliptra/src/caliptra_prim/rtl/caliptra_prim_sparse_fsm_flop.sv'.
Parsing design file '/home/smy/hackatdac26-phase-2-caliptra/src/caliptra_prim/rtl/caliptra_prim_count.sv'
Parsing included file '/home/smy/hackatdac26-phase-2-caliptra/src/caliptra_prim/rtl/caliptra_prim_assert.sv'.
Back to file '/home/smy/hackatdac26-phase-2-caliptra/src/caliptra_prim/rtl/caliptra_prim_count.sv'.
Parsing design file '/home/smy/hackatdac26-phase-2-caliptra/src/caliptra_prim/rtl/caliptra_prim_slicer.sv'
Parsing included file '/home/smy/hackatdac26-phase-2-caliptra/src/caliptra_prim/rtl/caliptra_prim_assert.sv'.
Back to file '/home/smy/hackatdac26-phase-2-caliptra/src/caliptra_prim/rtl/caliptra_prim_slicer.sv'.
Parsing design file '/home/smy/hackatdac26-phase-2-caliptra/src/caliptra_prim_generic/rtl/caliptra_prim_generic_buf.sv'
Parsing included file '/home/smy/hackatdac26-phase-2-caliptra/src/caliptra_prim/rtl/caliptra_prim_assert.sv'.
Back to file '/home/smy/hackatdac26-phase-2-caliptra/src/caliptra_prim_generic/rtl/caliptra_prim_generic_buf.sv'.
Parsing design file '/home/smy/hackatdac26-phase-2-caliptra/src/caliptra_prim_generic/rtl/caliptra_prim_generic_flop.sv'
Parsing included file '/home/smy/hackatdac26-phase-2-caliptra/src/caliptra_prim/rtl/caliptra_prim_assert.sv'.
Back to file '/home/smy/hackatdac26-phase-2-caliptra/src/caliptra_prim_generic/rtl/caliptra_prim_generic_flop.sv'.
Parsing design file '/home/smy/hackatdac26-phase-2-caliptra/final_bug_submissions/029/proof/tb/sha3_bug_029_tb.sv'
Top Level Modules:
       sha3_bug_029_tb
TimeScale is 1 ns / 1 ps
Starting vcs inline pass...
25 modules and 0 UDP read.
recompiling package sha3_pkg
recompiling package ahb_defines_pkg
recompiling package caliptra_prim_util_pkg
recompiling package caliptra_prim_alert_pkg
recompiling package caliptra_prim_subreg_pkg
recompiling package caliptra_prim_mubi_pkg
recompiling package caliptra_prim_cipher_pkg
recompiling package caliptra_prim_pkg
recompiling package caliptra_prim_sparse_fsm_pkg
recompiling package caliptra_prim_trivium_pkg
recompiling package caliptra_prim_secded_pkg
recompiling package caliptra_prim_otp_pkg
recompiling package caliptra_prim_ram_1p_pkg
recompiling package caliptra_prim_esc_pkg
recompiling package caliptra_prim_count_pkg
recompiling package keymgr_pkg
recompiling package lc_ctrl_reg_pkg
recompiling package lc_ctrl_state_pkg
recompiling package lc_ctrl_pkg
recompiling module keccak_round
recompiling module keccak_2share
recompiling module sha3pad
recompiling module sha3
recompiling module caliptra_prim_count
recompiling module sha3_bug_029_tb
All of 25 modules done
rm -f _cuarc*.so _csrc*.so pre_vcsobj_*.so share_vcsobj_*.so
if [ -x ../simv ]; then chmod a-x ../simv; fi
g++  -o ../simv   -no-pie  -Wl,--no-as-needed    -L/usr/lib/x86_64-linux-gnu -L/lib/x86_64-linux-gnu \
-Wl,--no-as-needed -rdynamic  -Wl,-rpath='$ORIGIN'/simv.daidir -Wl,-rpath=./simv.daidir \
-Wl,-rpath=/data0/tools/Synopsys/vcs/vcs/W-2024.09-SP1/linux64/lib -L/data0/tools/Synopsys/vcs/vcs/W-2024.09-SP1/linux64/lib \
-Wl,-rpath-link=./ -Wl,--no-as-needed   objs/amcQw_d.o   _1230003_archive_1.so   \
SIM_l.o       rmapats_mop.o rmapats.o rmar.o rmar_nd.o  rmar_llvm_0_1.o rmar_llvm_0_0.o \
-lnuma -lvirsim -lerrorinf -lsnpsmalloc -lvfs    -lvcsnew -lsimprofile -lreader_common \
/data0/tools/Synopsys/vcs/vcs/W-2024.09-SP1/linux64/lib/libBA.a -luclinative /data0/tools/Synopsys/vcs/vcs/W-2024.09-SP1/linux64/lib/vcs_tls.o \
-Wl,-whole-archive  -lvcsucli    -Wl,-no-whole-archive       ./../simv.daidir/vc_hdrs.o \
/data0/tools/Synopsys/vcs/vcs/W-2024.09-SP1/linux64/lib/vcs_save_restore_new.o -ldl \
-lc -lm -lpthread -ldl 
../simv up to date
CPU time: 1.332 seconds to compile + .636 seconds to elab + .251 seconds to link
