recompiling package caliptra_prim_cipher_pkg
recompiling package caliptra_prim_pkg
recompiling package caliptra_prim_sparse_fsm_pkg
recompiling package caliptra_prim_trivium_pkg
recompiling package caliptra_prim_secded_pkg
recompiling package caliptra_prim_otp_pkg
recompiling package caliptra_prim_ram_1p_pkg
recompiling package caliptra_prim_esc_pkg
recompiling package caliptra_prim_count_pkg
recompiling package keymgr_pkg
recompiling package lc_ctrl_reg_pkg
recompiling package lc_ctrl_state_pkg
recompiling package lc_ctrl_pkg
recompiling module keccak_round
recompiling module keccak_2share
recompiling module sha3pad
recompiling module sha3
recompiling module caliptra_prim_count
recompiling module sha3_bug_029_tb
All of 25 modules done
rm -f _cuarc*.so _csrc*.so pre_vcsobj_*.so share_vcsobj_*.so
if [ -x ../simv ]; then chmod a-x ../simv; fi
g++  -o ../simv   -no-pie  -Wl,--no-as-needed    -L/usr/lib/x86_64-linux-gnu -L/lib/x86_64-linux-gnu -Wl,--no-as-needed -rdynamic  -Wl,-rpath='$ORIGIN'/simv.daidir -Wl,-rpath=./simv.daidir -Wl,-rpath=/data0/tools/Synopsys/vcs/vcs/W-2024.09-SP1/linux64/lib -L/data0/tools/Synopsys/vcs/vcs/W-2024.09-SP1/linux64/lib  -Wl,-rpath-link=./ -Wl,--no-as-needed   objs/amcQw_d.o   _1315027_archive_1.so   SIM_l.o       rmapats_mop.o rmapats.o rmar.o rmar_nd.o  rmar_llvm_0_1.o rmar_llvm_0_0.o            -lnuma -lvirsim -lerrorinf -lsnpsmalloc -lvfs    -lvcsnew -lsimprofile -lreader_common /data0/tools/Synopsys/vcs/vcs/W-2024.09-SP1/linux64/lib/libBA.a -luclinative /data0/tools/Synopsys/vcs/vcs/W-2024.09-SP1/linux64/lib/vcs_tls.o   -Wl,-whole-archive  -lvcsucli    -Wl,-no-whole-archive       ./../simv.daidir/vc_hdrs.o    /data0/tools/Synopsys/vcs/vcs/W-2024.09-SP1/linux64/lib/vcs_save_restore_new.o -ldl  -lc -lm -lpthread -ldl 
../simv up to date
CPU time: 1.338 seconds to compile + .639 seconds to elab + .252 seconds to link
	Offending '((unused_assert_connected === 1'b1) || (!EnableAlertTriggerSVA))'
Error: "/home/smy/hackatdac26-phase-2-caliptra/src/caliptra_prim/rtl/caliptra_prim_sparse_fsm_flop.sv", 64: sha3_bug_029_tb.dut.u_pad.u_state_regs.AssertConnected_A: at time 1 ps
0: (/home/smy/hackatdac26-phase-2-caliptra/src/caliptra_prim/rtl/caliptra_prim_sparse_fsm_flop.sv:64) [sha3_bug_029_tb.dut.u_pad.u_state_regs.AssertConnected_A] [CALIPTRA_ASSERT FAILED] AssertConnected_A
"/home/smy/hackatdac26-phase-2-caliptra/src/caliptra_prim/rtl/caliptra_prim_count.sv", 306: sha3_bug_029_tb.dut.u_keccak.u_round_count.AssertConnected_A: started at 1ps failed at 1ps
	Offending '((unused_assert_connected === 1'b1) || (!EnableAlertTriggerSVA))'
Error: "/home/smy/hackatdac26-phase-2-caliptra/src/caliptra_prim/rtl/caliptra_prim_count.sv", 306: sha3_bug_029_tb.dut.u_keccak.u_round_count.AssertConnected_A: at time 1 ps
0: (/home/smy/hackatdac26-phase-2-caliptra/src/caliptra_prim/rtl/caliptra_prim_count.sv:306) [sha3_bug_029_tb.dut.u_keccak.u_round_count.AssertConnected_A] [CALIPTRA_ASSERT FAILED] AssertConnected_A
"/home/smy/hackatdac26-phase-2-caliptra/src/caliptra_prim/rtl/caliptra_prim_sparse_fsm_flop.sv", 64: sha3_bug_029_tb.dut.u_keccak.u_state_regs.AssertConnected_A: started at 1ps failed at 1ps
	Offending '((unused_assert_connected === 1'b1) || (!EnableAlertTriggerSVA))'
Error: "/home/smy/hackatdac26-phase-2-caliptra/src/caliptra_prim/rtl/caliptra_prim_sparse_fsm_flop.sv", 64: sha3_bug_029_tb.dut.u_keccak.u_state_regs.AssertConnected_A: at time 1 ps
0: (/home/smy/hackatdac26-phase-2-caliptra/src/caliptra_prim/rtl/caliptra_prim_sparse_fsm_flop.sv:64) [sha3_bug_029_tb.dut.u_keccak.u_state_regs.AssertConnected_A] [CALIPTRA_ASSERT FAILED] AssertConnected_A
"/home/smy/hackatdac26-phase-2-caliptra/src/caliptra_prim/rtl/caliptra_prim_sparse_fsm_flop.sv", 64: sha3_bug_029_tb.dut.u_state_regs.AssertConnected_A: started at 1ps failed at 1ps
	Offending '((unused_assert_connected === 1'b1) || (!EnableAlertTriggerSVA))'
Error: "/home/smy/hackatdac26-phase-2-caliptra/src/caliptra_prim/rtl/caliptra_prim_sparse_fsm_flop.sv", 64: sha3_bug_029_tb.dut.u_state_regs.AssertConnected_A: at time 1 ps
0: (/home/smy/hackatdac26-phase-2-caliptra/src/caliptra_prim/rtl/caliptra_prim_sparse_fsm_flop.sv:64) [sha3_bug_029_tb.dut.u_state_regs.AssertConnected_A] [CALIPTRA_ASSERT FAILED] AssertConnected_A
[test 1] absorb a message, squeeze, then issue a strictly-valid done
  ok: precondition: the Keccak state storage is zero out of reset

Warning-[RT-NCMPRIF] No condition matches in statement
/home/smy/hackatdac26-phase-2-caliptra/final_bug_submissions/029/proof/scratch/sha3.sv, 285
  No condition matches in 'priority if' statement. 'else' statement is missing
  for the last 'else if' block, inside sha3_bug_029_tb.dut, at time 545000ps.

  OBSERVED: fsm=StSqueeze state[63:0]=04618e735288ea59 state_nonzero=1
  ok: precondition: absorbing left a non-zero Keccak state, so a clear would be observable
  ok: precondition: the FSM is in the squeeze window, where done_i is accepted
  driving done_i = MuBi4True (strictly valid)
  OBSERVED before done: keccak_done2=0xx clear_i=0x9 (uninitialised: no default assignment)
  ok: BUG-029 OBSERVED: the Keccak clear_i does not pass the strict true test before done either
  ok: BUG-029 OBSERVED: keccak_done2 is X before the first done, confirming it has no default in the always_comb
  OBSERVED in the done branch: keccak_done=0x6 keccak_done2=0x9 clear_i=0x6
  ok: the done branch does propagate done_i into keccak_done, so the command was accepted
  ok: BUG-029 OBSERVED: keccak_done2 is not strictly true in the same branch, so the clear it drives cannot fire
  OBSERVED after done: fsm=StIdle state[63:0]=0000000000000000 state_nonzero=0
  ok: control: the FSM returned to idle on that done_i, so the command reached the DUT
TBFAIL: BUG-029 OBSERVED: the Keccak state storage is still non-zero after done completed
TBFAIL: BUG-029 OBSERVED: the state is not merely non-zero, it is bit-for-bit the pre-done value
TBFAIL: BUG-029 OBSERVED: rst_storage never asserted at any point in the run, so no path cleared the state
TBFAIL: BUG-029 OBSERVED: clear_i never passed the strict true test at any point in the run
[test 2] the same message absorbed again after done, to show what the stale state does

Warning-[RT-NCMPRIF] No condition matches in statement
/home/smy/hackatdac26-phase-2-caliptra/final_bug_submissions/029/proof/scratch/sha3.sv, 285
  No condition matches in 'priority if' statement. 'else' statement is missing
  for the last 'else if' block, inside sha3_bug_029_tb.dut, at time 1185000ps.

  OBSERVED run 2: fsm=StSqueeze state[63:0]=04618e735288ea59
  run1 state[63:0]=04618e735288ea59  run2 state[63:0]=04618e735288ea59
  ok: control: the second run reached the squeeze window too, so both runs are directly comparable
TBFAIL: BUG-029 OBSERVED: byte-identical input produced a different sponge state on the second run, because run 2 absorbed into run 1's residue
[test 3] control: a reset clears the same storage register
TBFAIL: precondition: the storage is still non-zero going into the reset
  OBSERVED under reset: state[63:0]=0000000000000000
  ok: control: reset zeroes the storage, so the register is clearable and the harness can observe clearing
cover_state_survives_done=0
cover_clear_never_strict=0
cover_cross_run_carryover=0
cover_fsm_did_advance=1
checks=16 errors=6
PROOF_RESULT: FAIL
$finish called from file "/home/smy/hackatdac26-phase-2-caliptra/final_bug_submissions/029/proof/tb/sha3_bug_029_tb.sv", line 350.
$finish at simulation time              1360000
"/home/smy/hackatdac26-phase-2-caliptra/src/kmac/rtl/sha3pad.sv", 883: sha3_bug_029_tb.dut.u_pad.StMessageFeed_C, 136 attempts, 12 match
"/home/smy/hackatdac26-phase-2-caliptra/src/kmac/rtl/sha3pad.sv", 884: sha3_bug_029_tb.dut.u_pad.StPad_C, 136 attempts, 2 match
"/home/smy/hackatdac26-phase-2-caliptra/src/kmac/rtl/sha3pad.sv", 885: sha3_bug_029_tb.dut.u_pad.StPadSendMsg_C, 136 attempts, 28 match
"/home/smy/hackatdac26-phase-2-caliptra/src/kmac/rtl/sha3pad.sv", 886: sha3_bug_029_tb.dut.u_pad.StComplete_C, 136 attempts, 50 match
           V C S   S i m u l a t i o n   R e p o r t 
Time: 1360000 ps
CPU Time:      0.340 seconds;       Data structure size:   0.1Mb
Tue Jul 28 14:21:33 2026
SIM RESULT: FAIL (self-check tripped)
