BUG-029 structural audit (single-tree)
audit_root=/home/smy/hackatdac26-phase-2-caliptra
date=2026-07-28T14:23:22+08:00
gate_ok: sha3.sv:138 declares a second done-like signal, keccak_done2
gate_ok: sha3.sv:290-292 assigns both signals together in the done branch of StSqueeze
gate_ok: sha3.sv:291 gives keccak_done the incoming done_i but pins keccak_done2 to the constant MuBi4False
gate_ok: sha3.sv:494 wires that constant-False signal to the Keccak round's clear_i port
gate_ok: sha3.sv:451 wires the real done_i-derived signal to the pad's done_i, so the two ports are fed from different signals
keccak_done2_direct_assignments=0
keccak_done2_total_references=3
gate_ok: keccak_done2 has no standalone assignment anywhere in the file; its only write is the concatenation at :290-292
gate_ok: keccak_done2 appears exactly 3 times in the file (declaration, the concatenation write, the clear_i connection), so the census covers every use of it
gate_ok: sha3.sv:247 gives keccak_done a default value at the top of the always_comb
gate_ok: no line in the same default block (sha3.sv:241-256) assigns keccak_done2, so the signal has no default in a combinational block and infers a latch
always_comb_default_assignments=8
gate_ok: the block assigns 8 defaults, covering every FSM output except keccak_done2
gate_ok: keccak_round.sv:99 declares clear_i, commented as clearing the internal state to zero
gate_ok: keccak_round.sv:219 acts on clear_i only when it passes mubi4_test_true_strict, so a constant MuBi4False can never trigger it
gate_ok: keccak_round.sv:226 is the only place rst_storage is raised, and it sits inside that clear_i-guarded branch, so the state storage is never reset through this path
gate_ok: rst_storage is raised at exactly 1 site in the whole file, so no other path can clear the storage
gate_ok: keccak_round.sv:473 is where rst_storage actually zeroes the state storage, the effect the constant-False clear_i withholds
gate_ok: keccak_round.sv:603 assumes clear_i is asserted in the idle state, an assumption that is vacuous when the driver is a constant False
gate_ok: sha3.sv:279 opens the squeeze state, the state in which done_i is accepted
gate_ok: sha3.sv:288 accepts a strictly-valid done_i and takes the completion branch
gate_ok: sha3.sv:289 moves the FSM to StFlush on done
gate_ok: sha3.sv:304-306 shows StFlush doing nothing but returning to idle, so no later state clears the storage either
gate_ok: ot_sha3.sv:244 has the same default assignment for keccak_done, so the two files are directly comparable
gate_ok: ot_sha3.sv:289 assigns keccak_done = done_i in the same completion branch, a single signal rather than a pair
gate_ok: ot_sha3.sv:450 wires that signal to the pad's done_i
gate_ok: ot_sha3.sv:492 wires the SAME signal to the round's clear_i, so in the twin the clear does fire when done_i is strictly valid
gate_ok: ot_sha3.sv contains no keccak_done2 at all, so the tree carries both the correct wiring and its violation
gate_ok: keccak_round.sv:489 opens the absorb path, which XORs the incoming block into the existing storage rather than overwriting it
gate_ok: keccak_round.sv:496-497 is the XOR itself, so whatever the previous run left in storage becomes part of the next run's sponge
gate_ok: keccak_round.sv:474 is the zeroing assignment inside the rst_storage arm, the write that would have cleared the sponge between runs and that the constant-False clear_i never reaches
gate_ok: keccak_round.sv:475 shows the only other write arm is the absorb update, so with rst_storage withheld the storage can only ever be XOR-accumulated, never zeroed
gate_ok: entropy_src_core.sv instantiates this exact sha3 module as its conditioning engine
gate_ok: entropy_src_core.sv wires its own sha3_done to this module's done_i, so the done that fails to clear is the one the entropy source relies on
gate_ok: entropy_src_main_sm.sv:246 states the intent of that done in a comment: clear the internal state of the SHA3 engine
gate_ok: entropy_src_main_sm.sv:247 completes the sentence, 'to start from scratch for the next seed', which is exactly the guarantee the withheld clear removes
gate_ok: entropy_src_main_sm.sv:248-249 issues that done as a strictly-valid MuBi4True, so the command the module ignores is well formed
gate_ok: entropy_src_core.sv:2734 takes the squeezed state as the conditioned entropy that becomes a seed, so cross-run carryover lands in the seed stream
gate_ok: sha3.sv:532-533 lists the signals through which controls must propagate, and keccak_done is in that list
gate_ok: keccak_done2 is absent from that list, so the file's own propagation check cannot observe the constant-False clear path
gate_ok: the twin carries the same assertion over the same signal list, which in the twin covers the clear path because one signal drives both ports
structural_gates_passed=38/38
RESULT: PASS - all structural gates confirm BUG-029
result=PASS
