Command: /tmp/bug002_sim.VQct0X/simv -l /home/smy/hackatdac26-phase-2-caliptra/final_bug_submissions/002/proof/logs/run.log
Chronologic VCS simulator copyright 1991-2024
Contains Synopsys proprietary information.
Compiler version W-2024.09-SP1_Full64; Runtime version W-2024.09-SP1_Full64;  Jul 28 21:28 2026
DBG ctrl_readback=0x00001105 wrote=0x00000105
DBG after_key status=0x00000010
DBG after_input_ready_wait ready_ok=1 status=0x00000010
DBG after_output_valid_wait valid_ok=1 status=0x00000019
COV plain out=[0x4f00e9f0 0xdb431211 0xfcb5c347 0x50bd1e9b] pre=[0x2cb12cb1 0xb1edb1ed 0x394d394d 0xfabffabf] completed=1 idle_polls=2
CHECK_PASS control_plain_operation_completed
CHECK_PASS control_plain_output_is_readable
CHECK_FAIL control_data_out_is_clear_before_plain_operation
DBG ctrl_readback=0x00001105 wrote=0x00000105
DBG after_key status=0x00000010
DBG after_input_ready_wait ready_ok=1 status=0x00000010
DBG after_output_valid_wait valid_ok=0 status=0x00000011
COV kv_route out=[0x19252296 0x0a099156 0x097e61af 0xaee6658f] pre=[0x2cb12cb1 0xb1edb1ed 0x394d394d 0xfabffabf] completed=0
CHECK_FAIL witness_kv_routed_output_is_concealed
WITNESS kv_routed_output_readable out0=0x19252296
CHECK_FAIL control_data_out_is_clear_before_kv_operation
CHECK_PASS witness_kv_routed_readback_is_this_operations_own_result
CHECK_PASS bound_kv_readback_is_not_the_written_plaintext
DBG ctrl_readback=0x00001105 wrote=0x00000105
DBG after_key status=0x00000010
DBG after_input_ready_wait ready_ok=1 status=0x00000010
DBG after_output_valid_wait valid_ok=0 status=0x00000015
COV blocked out=[0x00000000 0x00000000 0x00000000 0x00000000] pre=[0x00000000 0x00000000 0x00000000 0x00000000] completed=0
CHECK_PASS control_data_out_is_clear_before_blocked_operation
CHECK_PASS discriminator_block_reg_output_does_conceal
WITNESS mask_works_when_armed blocked_out0=0x00000000
COV err_seen=0
CHECK_PASS containment_no_bus_error
SUMMARY checks=10 fails=3 witness_hits=2
COV plain_visible=1 kv_route_visible=1 block_conceals=1 op_completed=1
PROOF_RESULT: FAIL
$finish called from file "/home/smy/hackatdac26-phase-2-caliptra/final_bug_submissions/002/proof/tb/aes_bug_002_tb.sv", line 533.
$finish at simulation time            120155000
           V C S   S i m u l a t i o n   R e p o r t 
Time: 120155000 ps
CPU Time:      0.350 seconds;       Data structure size:   0.3Mb
Tue Jul 28 21:28:37 2026
