== negative control: patched DUT ==
scratch copy: /tmp/bug011_nc.b2vxa6/doe_fsm.sv
release condition as patched:
126:    else if (running_uds || running_fe || running_hek) begin
DUT_DOE_FSM=/tmp/bug011_nc.b2vxa6/doe_fsm.sv
COV cold_start_latency=1
CHECK_PASS control_cold_start_reaches_init
CHECK_PASS witness_setup_flow_is_in_progress
CHECK_PASS witness_flow_no_longer_in_progress
COV latency_after_pulse=2 cold=1
CHECK_PASS witness_next_cmd_delayed_by_extended_hold
COV latency_after_level=2 cold=1
CHECK_PASS discriminator_level_zeroize_delays_next_cmd
WITNESS level_hold_still_effective after=2 cold=1
CHECK_PASS containment_no_kv_write_after_zeroize
CHECK_PASS containment_no_src_write_after_zeroize
CHECK_PASS containment_no_error_flagged
SUMMARY checks=8 fails=0 witness_hits=1
COV cold=1 pulse_hold_absent=0 level_hold_present=1 abort=1
PROOF_RESULT: FAIL
BUG-011 witness: FAIL (sim rc=0)
== negative control assertions ==
nc_ok   witness testbench no longer passes (1)
nc_ok   pulse-hold witness no longer reproduces (0)
nc_ok   level-hold behaviour unchanged (1)
nc_ok   next command is now delayed by the hold (1)
nc_ok   containment still holds after the fix (1)
nc_ok   no simulation timeout (0)
NEGATIVE_CONTROL: PASS
