Command: /tmp/bug011_sim.pDorKj/simv -l /home/smy/hackatdac26-phase-2-caliptra/final_bug_submissions/011/proof/logs/run.log
Chronologic VCS simulator copyright 1991-2024
Contains Synopsys proprietary information.
Compiler version W-2024.09-SP1_Full64; Runtime version W-2024.09-SP1_Full64;  Jul 28 16:19 2026
COV cold_start_latency=1
CHECK_PASS control_cold_start_reaches_init
CHECK_PASS witness_setup_flow_is_in_progress
CHECK_PASS witness_flow_no_longer_in_progress
COV latency_after_pulse=1 cold=1
CHECK_FAIL witness_next_cmd_delayed_by_extended_hold
WITNESS pulse_hold_released_early after=1 cold=1
COV latency_after_level=2 cold=1
CHECK_PASS discriminator_level_zeroize_delays_next_cmd
WITNESS level_hold_still_effective after=2 cold=1
CHECK_PASS containment_no_kv_write_after_zeroize
CHECK_PASS containment_no_src_write_after_zeroize
CHECK_PASS containment_no_error_flagged
SUMMARY checks=8 fails=1 witness_hits=2
COV cold=1 pulse_hold_absent=1 level_hold_present=1 abort=1
result=PASS
PROOF_RESULT: PASS
$finish called from file "/home/smy/hackatdac26-phase-2-caliptra/final_bug_submissions/011/proof/tb/doe_fsm_bug_011_tb.sv", line 316.
$finish at simulation time               765000
           V C S   S i m u l a t i o n   R e p o r t 
Time: 765000 ps
CPU Time:      0.430 seconds;       Data structure size:   0.0Mb
Tue Jul 28 16:19:09 2026
