== BUG-011 structural audit ==
tree: /home/smy/hackatdac26-phase-2-caliptra

-- group 1: the documented intent of the extended hold --
gate_ok   doe_fsm.sv:112-118 states zeroize arrives as a single pulse
gate_ok   the same comment requires the fsm to remain in IDLE until the next DOE_CMD
gate_ok   the comment names the mechanism: extend zeroize to a level
gate_ok   the comment names the intended release event: the next command

-- group 2: the release condition that contradicts it --
gate_ok   the hold is a reset-clocked flop at doe_fsm.sv:119-129
gate_ok   zeroize sets the hold and takes priority over the release
gate_ok   doe_fsm.sv:126 releases on the running UDS/FE/HEK flow terms
gate_ok   doe_fsm.sv:126 additionally releases on init_done && state != DOE_IDLE
gate_ok   that extra disjunct appears exactly once in the module

-- group 3: zeroize_reg has exactly one consumer --
gate_ok   zeroize_reg census in doe_fsm.sv is 5 occurrences (1 decl, 3 in the flop, 1 use)
gate_ok   zeroize_reg is a module-local signal, not a port
gate_ok   doe_fsm.sv:286 is the sole consumer, the state flop's hold branch
gate_ok   the hold branch forces kv_doe_fsm_ps to DOE_IDLE
gate_ok   the hold branch also clears dest_addr

-- group 4: init_done is core readiness, not a per-flow signal --
gate_ok   init_done is an input port of doe_fsm
gate_ok   doe_cbc.sv wires init_done to core_ready
gate_ok   init_done census in doe_fsm.sv is 4 occurrences
gate_ok   doe_fsm.sv:147 is one of the two legitimate init_done uses
gate_ok   doe_fsm.sv:149 is the other

-- group 5: what the hold protects, and what it does not --
gate_ok   doe_fsm.sv:234 captures dest_addr only on the IDLE->INIT arc, which the hold blocks
gate_ok   doe_cbc.sv:213 derives clear_obf_secrets from DOE_CLEAR or debug-unlock/scan
gate_ok   doe_cbc.sv:214 drives zeroize from clear_obf_secrets
gate_ok   the IV wipe is driven by zeroize itself, not by the extended hold
gate_ok   doe_cbc.sv:203-204 clears CMD on clear_obf_secrets, which is why the command drops to NOP
gate_ok   the hold branch performs no key or key-vault wipe of its own

-- group 6: specification text for the clear step --
gate_ok   the specification describes the clear-obf-secrets flush
gate_ok   the specification expects the clear after the de-obfuscation flows complete

structural_gates_passed=27/27
result=PASS
