Command: /home/smy/hackatdac26-phase-2-caliptra/final_bug_submissions/009/proof/build/./simv -l /home/smy/hackatdac26-phase-2-caliptra/final_bug_submissions/009/proof/logs/negative_control_sim.log
Chronologic VCS simulator copyright 1991-2024
Contains Synopsys proprietary information.
Compiler version W-2024.09-SP1_Full64; Runtime version W-2024.09-SP1_Full64;  Jul 28 15:13 2026
===== BUG-009 directed witness: per-application int-state read authorization =====
      loaded states for 4 applications
--- control_app0_authorized_reads_app0 ---
      app0 key word=6be00000 (expected 6be00000)
  case=control_app0_authorized_reads_app0 PASS an application authorized by its own bit must be readable
--- violating_app1_denied_but_readable ---
      app1 key word=00000000 (its own enable bit is 0, expected 00000000)
  case=violating_app1_denied_but_readable PASS an application whose own enable bit is clear must dump zeros
--- violating_app1_authorized_but_denied ---
      app1 key word=6be00001 (its own enable bit is 1, expected 6be00001)
  case=violating_app1_authorized_but_denied PASS an application authorized by its own bit must not be refused
--- containment_all_bits_clear_denies_all ---
      app0 key word=00000000
      app1 key word=00000000
      app2 key word=00000000
      app3 key word=00000000
  case=containment_all_bits_clear_denies_all PASS with no application authorized, no internal state may be dumped

cov_own_bit_grants=1
cov_denied_app_readable_via_app0=0
cov_authorized_app_denied_by_app0=0
witness_hits=0
checks=4 fails=0
PROOF_RESULT: FAIL
$finish called from file "/home/smy/hackatdac26-phase-2-caliptra/final_bug_submissions/009/proof/tb/csrng_state_db_bug_009_tb.sv", line 279.
$finish at simulation time              1175000
           V C S   S i m u l a t i o n   R e p o r t 
Time: 1175000 ps
CPU Time:      0.340 seconds;       Data structure size:   0.0Mb
Tue Jul 28 15:13:34 2026
SIM RESULT: FAIL (no PASS verdict)
