 Inclusivity & Diversity - Visit SolvNetPlus to read the "Synopsys Statement on
            Inclusivity and Diversity" (Refer to article 000036315 at
                        https://solvnetplus.synopsys.com)

Parsing design file '/home/smy/hackatdac26-phase-2-caliptra/src/keyvault/rtl/kv_defines_pkg.sv'
Parsing design file '/home/smy/hackatdac26-phase-2-caliptra/final_bug_submissions/028/proof/scripts/../scratch/kv_write_rule_check.sv'
Parsing design file '/home/smy/hackatdac26-phase-2-caliptra/final_bug_submissions/028/proof/tb/kv_write_rule_check_bug_028_tb.sv'
Top Level Modules:
       kv_write_rule_check_bug_028_tb
TimeScale is 1 ns / 1 ps
Starting vcs inline pass...
2 modules and 0 UDP read.
recompiling package kv_defines_pkg
recompiling module kv_write_rule_check_bug_028_tb
Both modules done.
rm -f _cuarc*.so _csrc*.so pre_vcsobj_*.so share_vcsobj_*.so
if [ -x ../simv ]; then chmod a-x ../simv; fi
g++  -o ../simv   -no-pie  -Wl,--no-as-needed    -L/usr/lib/x86_64-linux-gnu -L/lib/x86_64-linux-gnu -Wl,--no-as-needed -rdynamic  -Wl,-rpath='$ORIGIN'/simv.daidir -Wl,-rpath=./simv.daidir -Wl,-rpath=/data0/tools/Synopsys/vcs/vcs/W-2024.09-SP1/linux64/lib -L/data0/tools/Synopsys/vcs/vcs/W-2024.09-SP1/linux64/lib  -Wl,-rpath-link=./ -Wl,--no-as-needed   objs/amcQw_d.o   _4070618_archive_1.so   SIM_l.o       rmapats_mop.o rmapats.o rmar.o rmar_nd.o  rmar_llvm_0_1.o rmar_llvm_0_0.o            -lnuma -lvirsim -lerrorinf -lsnpsmalloc -lvfs    -lvcsnew -lsimprofile -luclinative /data0/tools/Synopsys/vcs/vcs/W-2024.09-SP1/linux64/lib/vcs_tls.o   -Wl,-whole-archive  -lvcsucli    -Wl,-no-whole-archive       ./../simv.daidir/vc_hdrs.o    /data0/tools/Synopsys/vcs/vcs/W-2024.09-SP1/linux64/lib/vcs_save_restore_new.o -ldl  -lc -lm -lpthread -ldl 
../simv up to date
CPU time: .899 seconds to compile + .595 seconds to elab + .348 seconds to link
Info: [VCS_SAVE_RESTORE_INFO] ASLR (Address Space Layout Randomization) is detected on the machine. To enable $save functionality, ASLR will be switched off and simv re-executed.
Please use '-no_save' simv switch to avoid re-execution or '-suppress=ASLR_DETECTED_INFO' to suppress this message.
Chronologic VCS simulator copyright 1991-2024
Contains Synopsys proprietary information.
Compiler version W-2024.09-SP1_Full64; Runtime version W-2024.09-SP1_Full64;  Jul 28 13:58 2026
===== BUG-028 directed witness: standard-region destination bound =====
KV_STANDARD_SLOT_LOW=0 KV_STANDARD_SLOT_HI=15
destination classifier upper bound as implemented: 14
--- control_std_to_std_mid_slot ---
      metrics: ocp_lock=1 src=HMAC data0_entry=KV5 dst=KV14
  case=control_std_to_std_mid_slot PASS expect_allowed=1 write_allow=1
--- control_std_to_std_low_slot ---
      metrics: ocp_lock=1 src=HMAC data0_entry=KV5 dst=KV0
  case=control_std_to_std_low_slot PASS expect_allowed=1 write_allow=1
--- violating_std_to_std_top_slot ---
      metrics: ocp_lock=1 src=HMAC data0_entry=KV5 dst=KV15
  case=violating_std_to_std_top_slot PASS expect_allowed=1 write_allow=1
--- discriminator: same stimulus, dst=KV14 ---
      metrics: ocp_lock=1 src=HMAC data0_entry=KV5 dst=KV14
      write_allow=1 with the only changed input being kv_write_entry
--- containment_lock_src_to_std_top_slot ---
      metrics: ocp_lock=1 src=HMAC data0_entry=KV16 (LOCK) dst=KV15
  case=containment_lock_src_to_std_top_slot PASS expect_allowed=0 write_allow=0
      LOCK-region data is still refused entry to KV15, so the off-by-one does not open a cross-region path

cover_std_mid_allowed=1
cover_std_top_blocked=0
cover_lock_src_to_std_top_blocked=1
checks=4 fails=0 witness_hits=0
PROOF_RESULT: FAIL
$finish called from file "/home/smy/hackatdac26-phase-2-caliptra/final_bug_submissions/028/proof/tb/kv_write_rule_check_bug_028_tb.sv", line 201.
$finish at simulation time               195000
           V C S   S i m u l a t i o n   R e p o r t 
Time: 195000 ps
CPU Time:      0.320 seconds;       Data structure size:   0.0Mb
Tue Jul 28 13:58:26 2026
SIM RESULT: FAIL (no PASS verdict)
