Parsing design file '/home/smy/hackatdac26-phase-2-caliptra/src/sha256/rtl/sha256_core.v'
Parsing design file '/home/smy/hackatdac26-phase-2-caliptra/src/sha256/rtl/sha256_k_constants.v'
Parsing design file '/home/smy/hackatdac26-phase-2-caliptra/src/sha256/rtl/sha256_w_mem.v'
Parsing design file '/home/smy/hackatdac26-phase-2-caliptra/src/sha256/rtl/sha256_reg.sv'
Parsing design file '/home/smy/hackatdac26-phase-2-caliptra/final_bug_submissions/032/proof/tb/sha256_bug_032_tb.sv'
Top Level Modules:
       sha256_bug_032_tb
TimeScale is 1 ns / 1 ps
Starting vcs inline pass...
4 modules and 0 UDP read.
recompiling package ahb_defines_pkg
recompiling package sha256_reg_pkg
recompiling package sha256_params_pkg
recompiling module sha256_bug_032_tb
All of 4 modules done
rm -f _cuarc*.so _csrc*.so pre_vcsobj_*.so share_vcsobj_*.so
if [ -x ../simv ]; then chmod a-x ../simv; fi
g++  -o ../simv   -no-pie  -Wl,--no-as-needed    -L/usr/lib/x86_64-linux-gnu -L/lib/x86_64-linux-gnu -Wl,--no-as-needed -rdynamic  -Wl,-rpath='$ORIGIN'/simv.daidir -Wl,-rpath=./simv.daidir -Wl,-rpath=/data0/tools/Synopsys/vcs/vcs/W-2024.09-SP1/linux64/lib -L/data0/tools/Synopsys/vcs/vcs/W-2024.09-SP1/linux64/lib  -Wl,-rpath-link=./ -Wl,--no-as-needed   objs/amcQw_d.o   _2204012_archive_1.so   SIM_l.o       rmapats_mop.o rmapats.o rmar.o rmar_nd.o  rmar_llvm_0_1.o rmar_llvm_0_0.o            -lnuma -lvirsim -lerrorinf -lsnpsmalloc -lvfs    -lvcsnew -lsimprofile -luclinative /data0/tools/Synopsys/vcs/vcs/W-2024.09-SP1/linux64/lib/vcs_tls.o   -Wl,-whole-archive  -lvcsucli    -Wl,-no-whole-archive       ./../simv.daidir/vc_hdrs.o    /data0/tools/Synopsys/vcs/vcs/W-2024.09-SP1/linux64/lib/vcs_save_restore_new.o -ldl  -lc -lm -lpthread -ldl 
../simv up to date
CPU time: 1.411 seconds to compile + .571 seconds to elab + .370 seconds to link
Info: [VCS_SAVE_RESTORE_INFO] ASLR (Address Space Layout Randomization) is detected on the machine. To enable $save functionality, ASLR will be switched off and simv re-executed.
Please use '-no_save' simv switch to avoid re-execution or '-suppress=ASLR_DETECTED_INFO' to suppress this message.
Chronologic VCS simulator copyright 1991-2024
Contains Synopsys proprietary information.
Compiler version W-2024.09-SP1_Full64; Runtime version W-2024.09-SP1_Full64;  Jul 28 14:35 2026
===== BUG-032 directed witness: SHA-256 DIGEST hwclr polarity =====
--- quiescent_digest_readable (debug_or_scan=0, no software zeroize) ---
      status after hash: READY=1 VALID=1
      digest: ba7816bf 8f01cfea 414140de 5dae2223 b00361a3 96177a9c b410ff61 f20015ad
  case=quiescent_digest_readable PASS a completed digest must be readable while no cleanup is requested
--- debug_entry_wipe (debug_or_scan=1, no software zeroize) ---
      digest: 00000000 00000000 00000000 00000000 00000000 00000000 00000000 00000000
--- containment_transition_pulse_not_readable (1-cycle debug_or_scan pulse) ---
      status after hash: READY=1 VALID=1
      digest: 00000000 00000000 00000000 00000000 00000000 00000000 00000000 00000000
  case=containment_transition_pulse_not_readable PASS no digest material is left readable after the transition pulse
--- sw_zeroize_clears (debug_or_scan=0, ZEROIZE written) ---
      status after hash: READY=1 VALID=1
      digest: 00000000 00000000 00000000 00000000 00000000 00000000 00000000 00000000
  case=sw_zeroize_clears PASS a software ZEROIZE must leave the digest window clear

cov_digest_readable_when_quiet=1
cov_digest_survives_debug_entry=0
cov_digest_exposed_under_wipe=0
cov_sw_zeroize_clears=1
checks=3 fails=0
PROOF_RESULT: FAIL
$finish called from file "/home/smy/hackatdac26-phase-2-caliptra/final_bug_submissions/032/proof/tb/sha256_bug_032_tb.sv", line 242.
$finish at simulation time              3930000
           V C S   S i m u l a t i o n   R e p o r t 
Time: 3930000 ps
CPU Time:      0.440 seconds;       Data structure size:   0.0Mb
Tue Jul 28 14:35:36 2026
SIM RESULT: FAIL (no PASS verdict)
