                                   infringers.

 Inclusivity & Diversity - Visit SolvNetPlus to read the "Synopsys Statement on
            Inclusivity and Diversity" (Refer to article 000036315 at
                        https://solvnetplus.synopsys.com)

Parsing design file '/home/smy/hackatdac26-phase-2-caliptra/final_bug_submissions/N-004/proof/logs/../build/sva_shim.sv'
Parsing included file '/home/smy/hackatdac26-phase-2-caliptra/src/libs/rtl/caliptra_sva.svh'.
Back to file '/home/smy/hackatdac26-phase-2-caliptra/final_bug_submissions/N-004/proof/logs/../build/sva_shim.sv'.
Parsing design file '/home/smy/hackatdac26-phase-2-caliptra/final_bug_submissions/N-004/proof/scripts/../scratch/soc_ifc_reg_pkg.sv'
Parsing design file '/home/smy/hackatdac26-phase-2-caliptra/final_bug_submissions/N-004/proof/scripts/../scratch/soc_ifc_reg.sv'
Parsing design file '/home/smy/hackatdac26-phase-2-caliptra/final_bug_submissions/N-004/proof/tb/soc_ifc_reg_bug_N004_tb.sv'
Top Level Modules:
       soc_ifc_reg_bug_N004_tb
TimeScale is 1 ns / 1 ps
Starting vcs inline pass...
2 modules and 0 UDP read.
recompiling package soc_ifc_reg_pkg
recompiling module soc_ifc_reg_bug_N004_tb
Both modules done.
rm -f _cuarc*.so _csrc*.so pre_vcsobj_*.so share_vcsobj_*.so
if [ -x ../simv ]; then chmod a-x ../simv; fi
g++  -o ../simv   -no-pie  -Wl,--no-as-needed    -L/usr/lib/x86_64-linux-gnu -L/lib/x86_64-linux-gnu -Wl,--no-as-needed -rdynamic  -Wl,-rpath='$ORIGIN'/simv.daidir -Wl,-rpath=./simv.daidir -Wl,-rpath=/data0/tools/Synopsys/vcs/vcs/W-2024.09-SP1/linux64/lib -L/data0/tools/Synopsys/vcs/vcs/W-2024.09-SP1/linux64/lib  -Wl,-rpath-link=./ -Wl,--no-as-needed   objs/amcQw_d.o   _258784_archive_1.so   SIM_l.o       rmapats_mop.o rmapats.o rmar.o rmar_nd.o  rmar_llvm_0_1.o rmar_llvm_0_0.o            -lnuma -lvirsim -lerrorinf -lsnpsmalloc -lvfs    -lvcsnew -lsimprofile -luclinative /data0/tools/Synopsys/vcs/vcs/W-2024.09-SP1/linux64/lib/vcs_tls.o   -Wl,-whole-archive  -lvcsucli    -Wl,-no-whole-archive       ./../simv.daidir/vc_hdrs.o    /data0/tools/Synopsys/vcs/vcs/W-2024.09-SP1/linux64/lib/vcs_save_restore_new.o -ldl  -lc -lm -lpthread -ldl 
../simv up to date
CPU time: 2.035 seconds to compile + .466 seconds to elab + .293 seconds to link
Info: [VCS_SAVE_RESTORE_INFO] ASLR (Address Space Layout Randomization) is detected on the machine. To enable $save functionality, ASLR will be switched off and simv re-executed.
Please use '-no_save' simv switch to avoid re-execution or '-suppress=ASLR_DETECTED_INFO' to suppress this message.
Chronologic VCS simulator copyright 1991-2024
Contains Synopsys proprietary information.
Compiler version W-2024.09-SP1_Full64; Runtime version W-2024.09-SP1_Full64;  Jul 28 17:40 2026
    after cold reset -> hek_all_zero=1 uds_all_zero=1 fe_all_zero=1
case=control_reset_leaves_all_secrets_clear PASS
    after fuse programming -> hek[0]=dec00000 uds[0]=0d500000 fe[0]=0fe00000
case=control_fuse_programming_takes_effect PASS
    with clear_obf_secrets asserted -> uds_all_zero=1 fe_all_zero=1 hek[0]=00000000
case=control_sibling_secrets_are_scrubbed PASS
case=violating_hek_seed_survives_secret_scrub PASS
    after 50 further cycles with the strobe still high -> hek[0]=00000000
case=violating_hek_residue_persists_while_strobe_held PASS
    bus readback of fuse_hek_seed[0] after the strobe -> 00000000
case=violating_surviving_hek_seed_is_readable_over_the_bus PASS
    after pwrgood cold reset -> hek_all_zero=1
case=containment_pwrgood_reset_clears_hek PASS
cov_reset_clear=1
cov_write_takes_effect=1
cov_siblings_scrubbed=1
cov_hek_survives_scrub=0
cov_pwrgood_clears_hek=1
witness_hits=0
checks=7 fails=0
result=NOT_THE_AUDITED_SIGNATURE
PROOF_RESULT: SIGNATURE_MISMATCH
$finish called from file "/home/smy/hackatdac26-phase-2-caliptra/final_bug_submissions/N-004/proof/tb/soc_ifc_reg_bug_N004_tb.sv", line 311.
$finish at simulation time              1400000
           V C S   S i m u l a t i o n   R e p o r t 
Time: 1400000 ps
CPU Time:      0.310 seconds;       Data structure size:   0.1Mb
Tue Jul 28 17:40:27 2026
SIM RESULT: FAIL (no PASS verdict)
