Parsing design file '/home/smy/hackatdac26-phase-2-caliptra/src/libs/rtl/ahb_to_reg_adapter.sv'
Parsing design file '/home/smy/hackatdac26-phase-2-caliptra/src/spi_host/rtl/spi_host_reg_pkg.sv'
Parsing design file '/home/smy/hackatdac26-phase-2-caliptra/final_bug_submissions/040/proof/scripts/../scratch/spi_host_reg_top.sv'
Parsing included file '/home/smy/hackatdac26-phase-2-caliptra/src/caliptra_prim/rtl/caliptra_prim_assert.sv'.
Back to file '/home/smy/hackatdac26-phase-2-caliptra/final_bug_submissions/040/proof/scripts/../scratch/spi_host_reg_top.sv'.
Parsing design file '/home/smy/hackatdac26-phase-2-caliptra/final_bug_submissions/040/proof/tb/spi_host_reg_top_bug_040_tb.sv'
Top Level Modules:
       spi_host_reg_top_bug_040_tb
TimeScale is 1 ns / 1 ps
Starting vcs inline pass...
8 modules and 0 UDP read.
recompiling package ahb_defines_pkg
recompiling package caliptra_prim_util_pkg
recompiling package caliptra_prim_mubi_pkg
recompiling package caliptra_prim_pkg
recompiling package caliptra_prim_subreg_pkg
recompiling module caliptra_prim_subreg
recompiling package spi_host_reg_pkg
recompiling module spi_host_reg_top_bug_040_tb
All of 8 modules done
rm -f _cuarc*.so _csrc*.so pre_vcsobj_*.so share_vcsobj_*.so
if [ -x ../simv ]; then chmod a-x ../simv; fi
g++  -o ../simv   -no-pie  -Wl,--no-as-needed    -L/usr/lib/x86_64-linux-gnu -L/lib/x86_64-linux-gnu -Wl,--no-as-needed -rdynamic  -Wl,-rpath='$ORIGIN'/simv.daidir -Wl,-rpath=./simv.daidir -Wl,-rpath=/data0/tools/Synopsys/vcs/vcs/W-2024.09-SP1/linux64/lib -L/data0/tools/Synopsys/vcs/vcs/W-2024.09-SP1/linux64/lib  -Wl,-rpath-link=./ -Wl,--no-as-needed   objs/amcQw_d.o   _869341_archive_1.so   SIM_l.o       rmapats_mop.o rmapats.o rmar.o rmar_nd.o  rmar_llvm_0_1.o rmar_llvm_0_0.o            -lnuma -lvirsim -lerrorinf -lsnpsmalloc -lvfs    -lvcsnew -lsimprofile -luclinative /data0/tools/Synopsys/vcs/vcs/W-2024.09-SP1/linux64/lib/vcs_tls.o   -Wl,-whole-archive  -lvcsucli    -Wl,-no-whole-archive       ./../simv.daidir/vc_hdrs.o    /data0/tools/Synopsys/vcs/vcs/W-2024.09-SP1/linux64/lib/vcs_save_restore_new.o -ldl  -lc -lm -lpthread -ldl 
../simv up to date
CPU time: 1.046 seconds to compile + .617 seconds to elab + .287 seconds to link
Info: [VCS_SAVE_RESTORE_INFO] ASLR (Address Space Layout Randomization) is detected on the machine. To enable $save functionality, ASLR will be switched off and simv re-executed.
Please use '-no_save' simv switch to avoid re-execution or '-suppress=ASLR_DETECTED_INFO' to suppress this message.
Chronologic VCS simulator copyright 1991-2024
Contains Synopsys proprietary information.
Compiler version W-2024.09-SP1_Full64; Runtime version W-2024.09-SP1_Full64;  Jul 28 18:50 2026
"/home/smy/hackatdac26-phase-2-caliptra/src/caliptra_prim/rtl/caliptra_prim_onehot_check.sv", 153: spi_host_reg_top_bug_040_tb.dut.u_caliptra_prim_reg_we_check.u_caliptra_prim_onehot_check.AssertConnected_A: started at 1ps failed at 1ps
	Offending '((unused_assert_connected === 1'b1) || (!EnableAlertTriggerSVA))'
Error: "/home/smy/hackatdac26-phase-2-caliptra/src/caliptra_prim/rtl/caliptra_prim_onehot_check.sv", 153: spi_host_reg_top_bug_040_tb.dut.u_caliptra_prim_reg_we_check.u_caliptra_prim_onehot_check.AssertConnected_A: at time 1 ps
0: (/home/smy/hackatdac26-phase-2-caliptra/src/caliptra_prim/rtl/caliptra_prim_onehot_check.sv:153) [spi_host_reg_top_bug_040_tb.dut.u_caliptra_prim_reg_we_check.u_caliptra_prim_onehot_check.AssertConnected_A] [CALIPTRA_ASSERT FAILED] AssertConnected_A
case=control_reset_values_present PASS rx=7f spien=0 sw_rst=0 intg_err=0
case=control_direct_control_write_takes_effect PASS rx=aa tx=11 spien=1
case=control_configopts_write_leaves_control_alone PASS rx=aa tx=11 spien=1
case=control_status_address_is_mapped_and_readable PASS hresp=0 rdata=00000000
case=violating_status_write_must_not_modify_control PASS rx=aa(was aa) tx=11(was 11) spien=1(was 1)
case=violating_status_write_must_not_set_sw_rst_or_clear_spien PASS sw_rst=0(was 0) spien=1(was 1)
case=violating_out_of_bounds_update_must_raise_intg_err PASS witness_hits=0 intg_err=0
case=containment_reset_clears_the_injected_control_state PASS rx=7f sw_rst=0 spien=0
cov_reset=1 cov_control_write=1 cov_unrelated_inert=1 cov_status_reaches_control=0 cov_status_read=1
witness_hits=0
checks=8 fails=0
result=NOT_THE_AUDITED_SIGNATURE
PROOF_RESULT: SIGNATURE_MISMATCH
$finish called from file "/home/smy/hackatdac26-phase-2-caliptra/final_bug_submissions/040/proof/tb/spi_host_reg_top_bug_040_tb.sv", line 306.
$finish at simulation time               235000
           V C S   S i m u l a t i o n   R e p o r t 
Time: 235000 ps
CPU Time:      0.320 seconds;       Data structure size:   0.0Mb
Tue Jul 28 18:50:21 2026
SIM RESULT: SIGNATURE_MISMATCH (qualifier appears corrected)
