-- remediation applied to scratch copy --
arms_now_constant_zero=16
-- witness output under the remediated copy --
COV status_idle=1 status=0x00000011 idle_polls=2
CHECK_PASS control_core_idle_before_key_load
COV write_err_seen=0
CHECK_PASS control_key_share_writes_raised_no_error
COV iv0_readback=0x5a8e97d9 written=0x11112222 filler=0xdeadbeef
CHECK_PASS control_iv_readback_is_not_the_request_filler
COV s0_0=0x00000000 expect_written=0xa5a50001 filler=0xdeadbeef
COV s0_7=0x00000000 expect_written=0xa5a50008
COV s1_0=0x00000000 expect_written=0x5a5a0001
COV s1_7=0x00000000 expect_written=0x5a5a0008
CHECK_PASS witness_key_share0_address_reads_as_zero
CHECK_PASS witness_key_share1_address_reads_as_zero
CHECK_PASS witness_key_share0_last_word_reads_as_zero
CHECK_PASS witness_key_share1_last_word_reads_as_zero
COV s0_0_alt=0x00000000 alt_filler=0x21524110 first=0x00000000
CHECK_FAIL discriminator_readback_is_the_request_data_not_stored_key
CHECK_PASS bound_stored_key_shares_are_not_returned
COV err_seen=0
CHECK_PASS containment_no_bus_error
SUMMARY checks=10 fails=1 witness_hits=0
COV core_idle=1 share0_exposed=0 share1_exposed=0 iv_hw_path=1 echo=0
PROOF_RESULT: FAIL
sim_exit_rc=1
NEGATIVE_CONTROL: PASS
The witness depends on the defective read arms, not on the testbench setup.
