== BUG-004 structural audit ==
tree: /home/smy/hackatdac26-phase-2-caliptra

-- group 1: the audited tree's own RDL declares the key shares write-only --
gate_ok   aes.rdl:8 declares KEY_SHARE0 fields sw = w (write-only)
gate_ok   aes.rdl:27 declares KEY_SHARE1 fields sw = w (write-only)
gate_ok   aes.rdl:24 places KEY_SHARE0[8] at offset 0x04
gate_ok   aes.rdl:43 places KEY_SHARE1[8] at offset 0x24
gate_ok   aes.rdl:46 declares IV fields sw = rw, the adjacent readable control

-- group 2: the read multiplexer returns register-path content on all 16 --
gate_ok   aes_reg_top.sv:1727 opens the read-response multiplexer
gate_ok   aes_reg_top.sv:1735 returns reg2hw.key_share0[0].q on the first share-0 address
gate_ok   aes_reg_top.sv:1765 returns reg2hw.key_share1[7].q on the last share-1 address
gate_ok   all 16 key-share arms read a register path: exactly 16 such assignments exist
gate_ok   aes_reg_top.sv:125 drives the bus read data straight from reg_rdata_next

-- group 3: the same case statement carries both correct idioms --
gate_ok   aes_reg_top.sv:1731-1733 shows the explicit-zero idiom on addr_hit[0]
gate_ok   aes_reg_top.sv:1768 shows the hardware-value idiom (_qs) on the IV address
gate_ok   8 arms in the same file read a _qs hardware value, so the defective shape is not forced

-- group 4: which subreg_ext port the defective arms read --
gate_ok   caliptra_prim_subreg_ext.sv:28 drives q from wd, the bus write data
gate_ok   caliptra_prim_subreg_ext.sv:27 drives qs from d, the hardware-side value
gate_ok   caliptra_prim_subreg_ext.sv has no sequential element: q is combinational, not stored
gate_ok   aes_reg_top.sv:292 feeds u_key_share0_0.wd from key_share0_0_wd
gate_ok   aes_reg_top.sv:296 takes reg2hw.key_share0[0].q from that instance's q port

-- group 5: the returned value is the requester's own A-channel data --
gate_ok   aes_reg_top.sv:1569 assigns key_share0_0_wd from reg_wdata
gate_ok   caliptra_tlul_adapter_reg.sv:84 drives wdata_o from tl_i.a_data
gate_ok   aes_reg_top.sv carries reg_wdata, the adapter output the wd chain starts from

-- group 6: the stored key shares are on a path this multiplexer never reads --
gate_ok   aes_core.sv:1028 drives hw2reg.key_share0[].d from key_init_q, the stored share
gate_ok   aes_core.sv:1029 drives hw2reg.key_share1[].d from the second stored share
gate_ok   aes_core.sv:480 forms the cipher key as the XOR of the two stored shares
gate_ok   aes_reg_top.sv:298 leaves u_key_share0_0.qs unconnected: the stored value has no wire out
gate_ok   no key_share*_qs signal exists in the file, so no arm could return the stored share
gate_ok   aes_reg_top.sv:634 by contrast wires u_iv_0.qs out, which is why IV reads hardware state

-- group 7: the exposed read is an ordinary unprivileged register access --
gate_ok   aes_reg_pkg.sv exposes the share-0 offset as a software-visible address
gate_ok   aes_reg_pkg.sv exposes the share-1 offset as a software-visible address
gate_ok   aes_reg_pkg.sv:268 places the share-0 offset at 4, matching the RDL placement at 0x04
gate_ok   aes_reg_pkg.sv exposes STATUS, the idle precondition the witness reads
gate_ok   no privilege, lifecycle, or debug qualifier guards the 16 defective arms

structural_gates_passed=32/32
result=PASS
