===== BUG-N-001 structural audit =====
audit_root=/home/smy/hackatdac26-phase-2-caliptra
target=src/soc_ifc/rtl/soc_ifc_top.sv:828-830

--- 1. the defect: the write qualifier and its boolean reduction ---
  ok   the audited file src/soc_ifc/rtl/soc_ifc_top.sv exists
  ok   line 828 assigns the SS_DEBUG_INTENT.debug_intent write enable
  ok   line 829 negates a reduction-OR of the qualifier terms, the inverting construct
  ok   line 829 places the DMI write enable inside that negated reduction, so the write enable appears inverted
  ok   line 830 uses an address INEQUALITY inside the same negated reduction
  ok   exhaustive truth table over the transcribed expression confirms the audited qualifier equals (~wr_en & addr==DMI_REG_SS_DEBUG_INTENT), the exact inverse of the sibling form in the write-enable term
  ok   no line of the audited qualifier ANDs the DMI write enable positively, unlike every sibling

--- 2. tree-wide idiom: every sibling on the same DMI port ---
sibling_positive_qualifiers=17
  ok   at least 8 sibling registers on the same unlocked DMI port qualify writes with the positive form (measured 17)
negated_reduction_qualifiers=1
  ok   exactly one write qualifier in the whole file uses the negated-reduction construct (measured 1), and it is the audited line
address_inequality_uses=1
  ok   exactly one address comparison in the file is an inequality (measured 1); every other DMI qualifier tests equality
address_equality_uses=76
  ok   at least 10 DMI qualifiers test address equality (measured 76), establishing the idiom the audited line departs from

--- 3. the register's own access policy contradicts the qualifier ---
  ok   the register definition grants TAP write access only in debug or manufacturing mode
  ok   the field is software read-only with a hardware write enable, so the qualifier at soc_ifc_top.sv:828 is the sole write control
  ok   the lifecycle restriction the policy depends on lives inside cptra_uncore_dmi_unlocked_reg_en (soc_ifc_top.sv:774-776)
  ok   that restriction reaches the qualifier only through cptra_uncore_dmi_unlocked_reg_wr_en (soc_ifc_top.sv:780), the term the audited line inverts, so inverting it inverts the lifecycle gate too

--- 4. the in-RTL comment the defect contradicts ---
  ok   the comment at soc_ifc_top.sv:887 claims debug intent is latched at pwrgood and may not be modified until cold reset
  ok   the comment at soc_ifc_top.sv:888-889 confirms subsystem mode is the configuration in which this register is populated
  ok   the data written is the attacker-supplied cptra_uncore_dmi_reg_wdata[0] (soc_ifc_top.sv:891), so the value is chosen, not fixed
  ok   the matching address is the non-zero constant 7'h63 (soc_ifc_pkg.sv:96), so it must be driven deliberately and is not an idle-bus default

--- 5. what the flag gates downstream ---
  ok   the register value is exported from the block as cptra_ss_debug_intent (soc_ifc_top.sv:897)
  ok   it gates software write access to MANUF_DBG_UNLOCK_REQ (soc_ifc_top.sv:924)
  ok   it gates software write access to PROD_DBG_UNLOCK_REQ (soc_ifc_top.sv:925)
debug_unlock_response_gates=6
  ok   it gates all six debug-unlock response fields (soc_ifc_top.sv:929-934, measured 6)
  ok   it gates the debug unlock level write lock (soc_ifc_top.sv:946)
  ok   the manufacturing debug enable output derives from a response field the flag gates (soc_ifc_top.sv:941)
total_debug_intent_consumers=11
  ok   the flag is consumed in at least 10 places in the same file (measured 11), so a spurious set has broad reach

gates_passed=26 gates_failed=0
RESULT: PASS - all structural gates confirm BUG-N-001
result=PASS
