Command: vcs -full64 -sverilog -timescale=1ns/1ps -assert svaext +lint=none -f filelist.f \
-top pv_gen_hash_bug_031_tb -l /home/smy/hackatdac26-phase-2-caliptra/final_bug_submissions/031/proof/logs/negative_control_compile.log \
-o simv
                         Chronologic VCS (TM)
       Version W-2024.09-SP1_Full64 -- Tue Jul 28 14:45:46 2026

                    Copyright (c) 1991 - 2024 Synopsys, Inc.
   This software and the associated documentation are proprietary to Synopsys,
 Inc. This software may only be used in accordance with the terms and conditions
 of a written license agreement with Synopsys, Inc. All other use, reproduction,
   or distribution of this software is strictly prohibited.  Licensed Products
     communicate with Synopsys servers for the purpose of providing software
    updates, detecting software piracy and verifying that customers are using
    Licensed Products in conformity with the applicable License Key for such
  Licensed Products. Synopsys will use information gathered in connection with
    this process to deliver software updates and pursue software pirates and
                                   infringers.

 Inclusivity & Diversity - Visit SolvNetPlus to read the "Synopsys Statement on
            Inclusivity and Diversity" (Refer to article 000036315 at
                        https://solvnetplus.synopsys.com)

Parsing design file '/home/smy/hackatdac26-phase-2-caliptra/src/integration/rtl/config_defines.svh'
Parsing design file '/home/smy/hackatdac26-phase-2-caliptra/src/libs/rtl/caliptra_sva.svh'
Parsing design file '/home/smy/hackatdac26-phase-2-caliptra/src/libs/rtl/caliptra_macros.svh'
Parsing design file '/home/smy/hackatdac26-phase-2-caliptra/src/libs/rtl/caliptra_sram.sv'
Parsing design file '/home/smy/hackatdac26-phase-2-caliptra/src/libs/rtl/ahb_defines_pkg.sv'
Parsing design file '/home/smy/hackatdac26-phase-2-caliptra/src/libs/rtl/caliptra_ahb_srom.sv'
Parsing design file '/home/smy/hackatdac26-phase-2-caliptra/src/libs/rtl/ahb_slv_sif.sv'
Parsing design file '/home/smy/hackatdac26-phase-2-caliptra/src/libs/rtl/caliptra_icg.sv'
Parsing included file '/home/smy/hackatdac26-phase-2-caliptra/src/integration/rtl/config_defines.svh'.
Back to file '/home/smy/hackatdac26-phase-2-caliptra/src/libs/rtl/caliptra_icg.sv'.
Parsing design file '/home/smy/hackatdac26-phase-2-caliptra/src/libs/rtl/clk_gate.sv'
Parsing included file '/home/smy/hackatdac26-phase-2-caliptra/src/integration/rtl/config_defines.svh'.
Back to file '/home/smy/hackatdac26-phase-2-caliptra/src/libs/rtl/clk_gate.sv'.
Parsing design file '/home/smy/hackatdac26-phase-2-caliptra/src/libs/rtl/caliptra_2ff_sync.sv'
Parsing design file '/home/smy/hackatdac26-phase-2-caliptra/src/libs/rtl/ahb_to_reg_adapter.sv'
Parsing design file '/home/smy/hackatdac26-phase-2-caliptra/src/libs/rtl/skidbuffer.v'
Parsing design file '/home/smy/hackatdac26-phase-2-caliptra/src/pcrvault/rtl/pv_defines_pkg.sv'
Parsing design file '/home/smy/hackatdac26-phase-2-caliptra/src/pcrvault/rtl/pv_macros.svh'
Parsing design file '/home/smy/hackatdac26-phase-2-caliptra/final_bug_submissions/031/proof/scripts/../scratch/pv_gen_hash.sv'
Parsing included file '/home/smy/hackatdac26-phase-2-caliptra/src/libs/rtl/caliptra_macros.svh'.
Back to file '/home/smy/hackatdac26-phase-2-caliptra/final_bug_submissions/031/proof/scripts/../scratch/pv_gen_hash.sv'.
Parsing design file '/home/smy/hackatdac26-phase-2-caliptra/src/pcrvault/rtl/pv_reg_pkg.sv'
Parsing design file '/home/smy/hackatdac26-phase-2-caliptra/src/pcrvault/rtl/pv_reg.sv'
Parsing design file '/home/smy/hackatdac26-phase-2-caliptra/src/pcrvault/rtl/pv.sv'
Parsing included file '/home/smy/hackatdac26-phase-2-caliptra/src/libs/rtl/caliptra_macros.svh'.
Back to file '/home/smy/hackatdac26-phase-2-caliptra/src/pcrvault/rtl/pv.sv'.
Parsing design file '/home/smy/hackatdac26-phase-2-caliptra/final_bug_submissions/031/proof/tb/pv_gen_hash_bug_031_tb.sv'
Top Level Modules:
       pv_gen_hash_bug_031_tb
TimeScale is 1 ns / 1 ps
Starting vcs inline pass...
4 modules and 0 UDP read.
recompiling package ahb_defines_pkg
recompiling package pv_defines_pkg
recompiling package pv_reg_pkg
recompiling module pv_gen_hash_bug_031_tb
All of 4 modules done
rm -f _cuarc*.so _csrc*.so pre_vcsobj_*.so share_vcsobj_*.so
if [ -x ../simv ]; then chmod a-x ../simv; fi
g++  -o ../simv   -no-pie  -Wl,--no-as-needed    -L/usr/lib/x86_64-linux-gnu -L/lib/x86_64-linux-gnu \
-Wl,--no-as-needed -rdynamic  -Wl,-rpath='$ORIGIN'/simv.daidir -Wl,-rpath=./simv.daidir \
-Wl,-rpath=/data0/tools/Synopsys/vcs/vcs/W-2024.09-SP1/linux64/lib -L/data0/tools/Synopsys/vcs/vcs/W-2024.09-SP1/linux64/lib \
-Wl,-rpath-link=./ -Wl,--no-as-needed   objs/amcQw_d.o   _2831827_archive_1.so   \
SIM_l.o       rmapats_mop.o rmapats.o rmar.o rmar_nd.o  rmar_llvm_0_1.o rmar_llvm_0_0.o \
-lnuma -lvirsim -lerrorinf -lsnpsmalloc -lvfs    -lvcsnew -lsimprofile -luclinative \
/data0/tools/Synopsys/vcs/vcs/W-2024.09-SP1/linux64/lib/vcs_tls.o   -Wl,-whole-archive \
-lvcsucli    -Wl,-no-whole-archive       ./../simv.daidir/vc_hdrs.o    /data0/tools/Synopsys/vcs/vcs/W-2024.09-SP1/linux64/lib/vcs_save_restore_new.o \
-ldl  -lc -lm -lpthread -ldl 
../simv up to date
CPU time: 1.017 seconds to compile + .579 seconds to elab + .486 seconds to link
