Parsing design file '/home/smy/hackatdac26-phase-2-caliptra/src/pcrvault/rtl/pv_reg.sv'
Parsing design file '/home/smy/hackatdac26-phase-2-caliptra/src/pcrvault/rtl/pv.sv'
Parsing included file '/home/smy/hackatdac26-phase-2-caliptra/src/libs/rtl/caliptra_macros.svh'.
Back to file '/home/smy/hackatdac26-phase-2-caliptra/src/pcrvault/rtl/pv.sv'.
Parsing design file '/home/smy/hackatdac26-phase-2-caliptra/final_bug_submissions/031/proof/tb/pv_gen_hash_bug_031_tb.sv'
Top Level Modules:
       pv_gen_hash_bug_031_tb
TimeScale is 1 ns / 1 ps
Starting vcs inline pass...
4 modules and 0 UDP read.
recompiling package ahb_defines_pkg
recompiling package pv_defines_pkg
recompiling package pv_reg_pkg
recompiling module pv_gen_hash_bug_031_tb
All of 4 modules done
rm -f _cuarc*.so _csrc*.so pre_vcsobj_*.so share_vcsobj_*.so
if [ -x ../simv ]; then chmod a-x ../simv; fi
g++  -o ../simv   -no-pie  -Wl,--no-as-needed    -L/usr/lib/x86_64-linux-gnu -L/lib/x86_64-linux-gnu -Wl,--no-as-needed -rdynamic  -Wl,-rpath='$ORIGIN'/simv.daidir -Wl,-rpath=./simv.daidir -Wl,-rpath=/data0/tools/Synopsys/vcs/vcs/W-2024.09-SP1/linux64/lib -L/data0/tools/Synopsys/vcs/vcs/W-2024.09-SP1/linux64/lib  -Wl,-rpath-link=./ -Wl,--no-as-needed   objs/amcQw_d.o   _2831827_archive_1.so   SIM_l.o       rmapats_mop.o rmapats.o rmar.o rmar_nd.o  rmar_llvm_0_1.o rmar_llvm_0_0.o            -lnuma -lvirsim -lerrorinf -lsnpsmalloc -lvfs    -lvcsnew -lsimprofile -luclinative /data0/tools/Synopsys/vcs/vcs/W-2024.09-SP1/linux64/lib/vcs_tls.o   -Wl,-whole-archive  -lvcsucli    -Wl,-no-whole-archive       ./../simv.daidir/vc_hdrs.o    /data0/tools/Synopsys/vcs/vcs/W-2024.09-SP1/linux64/lib/vcs_save_restore_new.o -ldl  -lc -lm -lpthread -ldl 
../simv up to date
CPU time: 1.017 seconds to compile + .579 seconds to elab + .486 seconds to link
Info: [VCS_SAVE_RESTORE_INFO] ASLR (Address Space Layout Randomization) is detected on the machine. To enable $save functionality, ASLR will be switched off and simv re-executed.
Please use '-no_save' simv switch to avoid re-execution or '-suppress=ASLR_DETECTED_INFO' to suppress this message.
Chronologic VCS simulator copyright 1991-2024
Contains Synopsys proprietary information.
Compiler version W-2024.09-SP1_Full64; Runtime version W-2024.09-SP1_Full64;  Jul 28 14:45 2026
===== BUG-031 directed witness: gen-hash read pointer across zeroize =====
      PV_NUM_PCR=32 PV_NUM_DWORDS=12
--- control_full_walk_from_reset ---
      entries visited=32 lowest=0
  case=control_full_walk_from_reset PASS a quote started from reset must read every PCR entry
--- violating_walk_after_mid_run_zeroize ---
      read pointer when zeroize asserted: entry=20 offset=0
      gen_hash_ip after zeroize=0 (engine reports idle)
      read pointer after zeroize:  entry=0 offset=0
      entries visited=32 lowest=0
  case=violating_walk_after_mid_run_zeroize PASS a quote started after a zeroize must still read every PCR entry
--- containment_idle_zeroize_then_full_walk ---
      entries visited=32 lowest=0
  case=containment_idle_zeroize_then_full_walk PASS a zeroize taken while idle must leave the next quote complete

cov_full_walk_from_reset=1
cov_truncated_walk_after_zeroize=0
cov_idle_zeroize_harmless=1
witness_hits=0
checks=3 fails=0
PROOF_RESULT: FAIL
$finish called from file "/home/smy/hackatdac26-phase-2-caliptra/final_bug_submissions/031/proof/tb/pv_gen_hash_bug_031_tb.sv", line 243.
$finish at simulation time             15785000
           V C S   S i m u l a t i o n   R e p o r t 
Time: 15785000 ps
CPU Time:      0.330 seconds;       Data structure size:   0.0Mb
Tue Jul 28 14:46:01 2026
SIM RESULT: FAIL (no PASS verdict)
