===== BUG-019 negative control =====
source DUT : /home/smy/hackatdac26-phase-2-caliptra/src/hmac/rtl/hmac_core.sv
patched DUT: /home/smy/hackatdac26-phase-2-caliptra/final_bug_submissions/019/proof/scratch/hmac_core.sv
patch applied: init_cmd branch now asserts digest_valid_we, as next_cmd does

----- negative control results -----
sim exit code                : 1 (nonzero expected)
TBFAIL lines total           : 1 (must be > 0)
  of which BUG-019 checks    : 1 (must be > 0)
digest_valid_we during INIT   : 1 (1 = the write now happens)
cover_stale_valid            : 0 (must be 0)
cover_next_clears (control)  : 1 (must stay 1)
cover_ipad_skipped           : 1 (expected 1: BUG-018 is unpatched here)

CONCLUSION: On the audited RTL an INIT command leaves a previous run's VALID bit
standing, because the init_cmd branch drives digest_valid_new to 0 without ever
asserting the write enable the reg_update block needs. With the file's own
next_cmd treatment applied to the init_cmd branch in a scratch copy, the write
does happen, the stale-valid cover falls to 0 and the BUG-019 self-checks fail,
while the harness's own control check still passes. The observation is a
property of the audited RTL.
NEGATIVE CONTROL: PASS
