=== structural gates ===
gate_ok: axi_sub_arb derives the USER select as a function of both r_win and w_dv
gate_ok: component-facing user is driven by that separate select term
gate_ok: component-facing addr is selected by r_win alone
gate_ok: component-facing id is selected by r_win alone
gate_ok: component-facing write is selected by r_win alone
gate_ok: read grant is reachable while a write request is valid in the same cycle
gate_ok: arbiter USER output reaches soc_req.user
gate_ok: soc_req.user is compared against AXI_USER allowlists
gate_ok: axi_sub forwards the arbiter USER output unmodified
=== compile ===
compile_ok
=== simulate ===
case=control_read_only granted=READ  dv=1 addr=0x00001000 id=0 user=0xaaaa1111 expected_user=0xaaaa1111
PASS: control_read_only attributes are coherent with the granted channel
case=control_write_only granted=WRITE dv=1 addr=0x00002000 id=1 user=0x55552222 expected_user=0x55552222
PASS: control_write_only attributes are coherent with the granted channel
case=control_concurrent_write_priority granted=WRITE dv=1 addr=0x00002000 id=1 user=0x55552222 expected_user=0x55552222
PASS: control_concurrent_write_priority attributes are coherent with the granted channel
case=violating_concurrent_read_priority granted=READ  dv=1 addr=0x00001000 id=0 user=0x55552222 expected_user=0xaaaa1111
WITNESS: violating_concurrent_read_priority granted the  read channel but exported user=0x55552222, which belongs to the write channel
PASS: violating_concurrent_read_priority reproduced the attribute-coherence violation
checks=4 fails=0 witness_hits=1
result=PASS
BUG_007_WITNESS_OBSERVED
- <case>/tb/axi_sub_arb_bug_007_tb.sv:184: Verilog $finish
- S i m u l a t i o n   R e p o r t: Verilator 5.024 2024-04-05
- Verilator: $finish at 90ns; walltime 0.004 s; speed 0.000 s/s
- Verilator: cpu 0.000 s on 1 threads; alloced 761 MB
result=PASS
BUG_007_PROOF_COMPLETE
