recompiling package csrng_pkg
recompiling package edn_pkg
recompiling module caliptra_prim_lfsr
recompiling package kv_defines_pkg
recompiling package kv_reg_pkg
recompiling package pv_defines_pkg
recompiling package pv_reg_pkg
recompiling package sha512_reg_pkg
recompiling package sha512_params_pkg
recompiling package sha512_masked_defines_pkg
recompiling module sha512_masked_core
recompiling package hmac_param_pkg
recompiling package hmac_reg_pkg
recompiling module hmac_core_bug_018_019_tb
All of 38 modules done
rm -f _cuarc*.so _csrc*.so pre_vcsobj_*.so share_vcsobj_*.so
if [ -x ../simv ]; then chmod a-x ../simv; fi
g++  -o ../simv   -no-pie  -Wl,--no-as-needed    -L/usr/lib/x86_64-linux-gnu -L/lib/x86_64-linux-gnu -Wl,--no-as-needed -rdynamic  -Wl,-rpath='$ORIGIN'/simv.daidir -Wl,-rpath=./simv.daidir -Wl,-rpath=/data0/tools/Synopsys/vcs/vcs/W-2024.09-SP1/linux64/lib -L/data0/tools/Synopsys/vcs/vcs/W-2024.09-SP1/linux64/lib  -Wl,-rpath-link=./ -Wl,--no-as-needed   objs/amcQw_d.o   _3124433_archive_1.so   SIM_l.o       rmapats_mop.o rmapats.o rmar.o rmar_nd.o  rmar_llvm_0_1.o rmar_llvm_0_0.o            -lnuma -lvirsim -lerrorinf -lsnpsmalloc -lvfs    -lvcsnew -lsimprofile -luclinative /data0/tools/Synopsys/vcs/vcs/W-2024.09-SP1/linux64/lib/vcs_tls.o   -Wl,-whole-archive  -lvcsucli    -Wl,-no-whole-archive       ./../simv.daidir/vc_hdrs.o    /data0/tools/Synopsys/vcs/vcs/W-2024.09-SP1/linux64/lib/vcs_save_restore_new.o -ldl  -lc -lm -lpthread -ldl 
../simv up to date
CPU time: 1.469 seconds to compile + .642 seconds to elab + .248 seconds to link
Info: [VCS_SAVE_RESTORE_INFO] ASLR (Address Space Layout Randomization) is detected on the machine. To enable $save functionality, ASLR will be switched off and simv re-executed.
Please use '-no_save' simv switch to avoid re-execution or '-suppress=ASLR_DETECTED_INFO' to suppress this message.
Chronologic VCS simulator copyright 1991-2024
Contains Synopsys proprietary information.
Compiler version W-2024.09-SP1_Full64; Runtime version W-2024.09-SP1_Full64;  Jul 28 12:34 2026
===== BUG-018 / BUG-019 directed simulation on hmac_core =====
[test 1] assert init_cmd and next_cmd together in CTRL_IDLE
  ok: precondition: FSM is in CTRL_IDLE
  ok: precondition: ready is high, so the command is accepted
  combinational: hmac_ctrl_new=1 hmac_ctrl_we=1
TBFAIL: the second if overwrites hmac_ctrl_new: CTRL_OPAD, not CTRL_IPAD
  OBSERVED: hmac_ctrl_reg=1 after the command cycle
TBFAIL: BUG-018 OBSERVED: FSM landed in CTRL_OPAD, the IPAD phase is skipped
TBFAIL: the INIT was lost: the FSM never entered CTRL_IPAD
[test 2] a previous HMAC left digest_valid_reg set; issue INIT
  ok: precondition: tag_valid is high from the previous run
  combinational: digest_valid_new=0 digest_valid_we=0
  ok: the init_cmd branch does drive digest_valid_new to 0
  ok: BUG-019 OBSERVED: but digest_valid_we is never asserted, so the write is dropped
  OBSERVED: tag_valid=1 during the INIT command cycle, tag[63:0]=0000000000000000
  ok: BUG-019 OBSERVED: stale VALID survives the INIT command cycle
[test 3] in-file control: the next_cmd branch asserts digest_valid_we
  ok: precondition: tag_valid is high again
  combinational: digest_valid_new=0 digest_valid_we=1
  ok: control: next_cmd asserts digest_valid_we, the treatment init_cmd omits
  OBSERVED: tag_valid=0 one cycle after the NEXT command
  ok: control: the stale VALID is cleared, so the harness can observe clearing
cover_ipad_skipped=0
cover_stale_valid=1
cover_next_clears=1
checks=12 errors=3
PROOF_RESULT: FAIL
$finish called from file "/home/smy/hackatdac26-phase-2-caliptra/final_bug_submissions/018/proof/tb/hmac_core_bug_018_019_tb.sv", line 168.
$finish at simulation time               245000
           V C S   S i m u l a t i o n   R e p o r t 
Time: 245000 ps
CPU Time:      0.320 seconds;       Data structure size:   0.1Mb
Tue Jul 28 12:34:45 2026
SIM RESULT: FAIL (self-check tripped)
